[2025-11-09 22:38:00] ╔══════════════════════════════════════════════════════╗
[2025-11-09 22:38:00] ║  🚀 ИМПОРТ ТОВАРОВ ИЗ POIZON JSON                  ║
[2025-11-09 22:38:00] ╚══════════════════════════════════════════════════════╝
[2025-11-09 22:38:00] 
[2025-11-09 22:38:00] 📡 Загружаю JSON из: https://storage.yandexcloud.net/poizon-exports/site/d774c0c2-5bde-4f9c-9af1-4b4d0a341151/53c683be-b7bf-49c0-ad7d-c3716981b64c/export_10_11_2025__00_01_46.json
[2025-11-09 22:38:00] Проверка URL: https://storage.yandexcloud.net/poizon-exports/site/d774c0c2-5bde-4f9c-9af1-4b4d0a341151/53c683be-b7bf-49c0-ad7d-c3716981b64c/export_10_11_2025__00_01_46.json
[2025-11-09 22:38:01] URL доступен: HTTP/1.1 200 OK
[2025-11-09 22:38:22] JSON загружен. Размер: 5741404 bytes
[2025-11-09 22:38:22] JSON распарсен успешно
[2025-11-09 22:38:22] Структура JSON: categories=3, brands=1, products=320
[2025-11-09 22:38:22] Начинаю импорт категорий
[2025-11-09 22:38:22] Категории импортированы: 0
[2025-11-09 22:38:22] Начинаю импорт брендов
[2025-11-09 22:38:22] Бренды импортированы: 1
[2025-11-09 22:38:22] Начинаю импорт товаров. Всего: 320
[2025-11-09 22:38:22] Кэш инициализирован: brands=9, categories=5
[2025-11-09 22:38:22] [1/320] Импорт: Jordan Air Jordan 2011 AJ26 Year of the Rabbit (ID: 662782)
[2025-11-09 22:38:22] Батч-вставка размеров: 19 шт для product_id=360
[2025-11-09 22:38:22] Импортировано изображений вариантов: 95 для product_id=360
[2025-11-09 22:38:22]      Успешно импортирован
[2025-11-09 22:38:22] [2/320] Импорт: Jordan Legacy 312 Low “Glacier Blue” (ID: 662786)
[2025-11-09 22:38:22] Батч-вставка размеров: 15 шт для product_id=361
[2025-11-09 22:38:22] Импортировано изображений вариантов: 75 для product_id=361
[2025-11-09 22:38:22]      Успешно импортирован
[2025-11-09 22:38:22] [3/320] Импорт: Jordan Max Aura 2 (ID: 662787)
[2025-11-09 22:38:22] Батч-вставка размеров: 15 шт для product_id=362
[2025-11-09 22:38:22] Импортировано изображений вариантов: 90 для product_id=362
[2025-11-09 22:38:22]      Успешно импортирован
[2025-11-09 22:38:22] [4/320] Импорт: Jordan Max Aura 2 (ID: 662788)
[2025-11-09 22:38:22] Батч-вставка размеров: 13 шт для product_id=363
[2025-11-09 22:38:22] Импортировано изображений вариантов: 78 для product_id=363
[2025-11-09 22:38:22]      Успешно импортирован
[2025-11-09 22:38:22] [5/320] Импорт: Jordan Max Aura 1 (ID: 662796)
[2025-11-09 22:38:22] Батч-вставка размеров: 8 шт для product_id=364
[2025-11-09 22:38:22] Импортировано изображений вариантов: 32 для product_id=364
[2025-11-09 22:38:22]      Успешно импортирован
[2025-11-09 22:38:22] [6/320] Импорт: Jordan Spizike 270 (ID: 662797)
[2025-11-09 22:38:22] Батч-вставка размеров: 19 шт для product_id=365
[2025-11-09 22:38:22] Импортировано изображений вариантов: 114 для product_id=365
[2025-11-09 22:38:22]      Успешно импортирован
[2025-11-09 22:38:22] [7/320] Импорт: Jordan Spizike Low (ID: 662798)
[2025-11-09 22:38:23] Батч-вставка размеров: 23 шт для product_id=366
[2025-11-09 22:38:23] Импортировано изображений вариантов: 115 для product_id=366
[2025-11-09 22:38:23]      Успешно импортирован
[2025-11-09 22:38:23] [8/320] Импорт: Jordan Spizike Low "Lightning" (ID: 662800)
[2025-11-09 22:38:23] Батч-вставка размеров: 25 шт для product_id=367
[2025-11-09 22:38:23] Импортировано изображений вариантов: 125 для product_id=367
[2025-11-09 22:38:23]      Успешно импортирован
[2025-11-09 22:38:23] [9/320] Импорт: Jordan Spizike (ID: 662801)
[2025-11-09 22:38:23] Батч-вставка размеров: 8 шт для product_id=368
[2025-11-09 22:38:23] Импортировано изображений вариантов: 40 для product_id=368
[2025-11-09 22:38:23]      Успешно импортирован
[2025-11-09 22:38:23] [10/320] Импорт: Jordan Spizike Olive Canvas (ID: 662802)
[2025-11-09 22:38:23] Батч-вставка размеров: 12 шт для product_id=369
[2025-11-09 22:38:23] Импортировано изображений вариантов: 60 для product_id=369
[2025-11-09 22:38:23]      Успешно импортирован
[2025-11-09 22:38:23] [11/320] Импорт: Jordan Ultra Fly 2 (ID: 662825)
[2025-11-09 22:38:23] Батч-вставка размеров: 10 шт для product_id=370
[2025-11-09 22:38:23] Импортировано изображений вариантов: 50 для product_id=370
[2025-11-09 22:38:23]      Успешно импортирован
[2025-11-09 22:38:23] [12/320] Импорт: Jordan 2 low (ID: 662827)
[2025-11-09 22:38:23] Батч-вставка размеров: 15 шт для product_id=371
[2025-11-09 22:38:23] Импортировано изображений вариантов: 60 для product_id=371
[2025-11-09 22:38:23]      Успешно импортирован
[2025-11-09 22:38:23] [13/320] Импорт: Jordan Ultra Fly 3 PFX (ID: 662835)
[2025-11-09 22:38:23] Батч-вставка размеров: 15 шт для product_id=372
[2025-11-09 22:38:23] Импортировано изображений вариантов: 60 для product_id=372
[2025-11-09 22:38:23]      Успешно импортирован
[2025-11-09 22:38:23] [14/320] Импорт: Jordan Ultra Fly 2 (ID: 662836)
[2025-11-09 22:38:23] Батч-вставка размеров: 14 шт для product_id=373
[2025-11-09 22:38:23] Импортировано изображений вариантов: 70 для product_id=373
[2025-11-09 22:38:23]      Успешно импортирован
[2025-11-09 22:38:23] [15/320] Импорт: Jordan Ultra Fly 2 X (ID: 662837)
[2025-11-09 22:38:23] Батч-вставка размеров: 13 шт для product_id=374
[2025-11-09 22:38:23] Импортировано изображений вариантов: 78 для product_id=374
[2025-11-09 22:38:23]      Успешно импортирован
[2025-11-09 22:38:23] [16/320] Импорт: Jordan Ultra Fly (ID: 662838)
[2025-11-09 22:38:23] Батч-вставка размеров: 12 шт для product_id=375
[2025-11-09 22:38:23] Импортировано изображений вариантов: 48 для product_id=375
[2025-11-09 22:38:23]      Успешно импортирован
[2025-11-09 22:38:23] [17/320] Импорт: Jordan Ultra Fly (ID: 662839)
[2025-11-09 22:38:23] Батч-вставка размеров: 16 шт для product_id=376
[2025-11-09 22:38:23] Импортировано изображений вариантов: 80 для product_id=376
[2025-11-09 22:38:23]      Успешно импортирован
[2025-11-09 22:38:23] [18/320] Импорт: Jordan Ultra Fly Green Abyss (ID: 662842)
[2025-11-09 22:38:23] Батч-вставка размеров: 12 шт для product_id=377
[2025-11-09 22:38:23] Импортировано изображений вариантов: 60 для product_id=377
[2025-11-09 22:38:23]      Успешно импортирован
[2025-11-09 22:38:23] [19/320] Импорт: Jordan Air Jordan 38 Low PF (ID: 662849)
[2025-11-09 22:38:23] Батч-вставка размеров: 22 шт для product_id=378
[2025-11-09 22:38:23] Импортировано изображений вариантов: 110 для product_id=378
[2025-11-09 22:38:23]      Успешно импортирован
[2025-11-09 22:38:23] [20/320] Импорт: Jordan MA2 "University Gold" (ID: 669538)
[2025-11-09 22:38:23] Батч-вставка размеров: 8 шт для product_id=379
[2025-11-09 22:38:23] Импортировано изображений вариантов: 48 для product_id=379
[2025-11-09 22:38:23]      Успешно импортирован
[2025-11-09 22:38:23] [21/320] Импорт: Jordan One Take 2 pf 2 (ID: 700723)
[2025-11-09 22:38:23] Батч-вставка размеров: 12 шт для product_id=380
[2025-11-09 22:38:23] Импортировано изображений вариантов: 72 для product_id=380
[2025-11-09 22:38:23]      Успешно импортирован
[2025-11-09 22:38:23] [22/320] Импорт: Billie Eilish x Jordan Air Jordan 1 ko sp (ID: 700727)
[2025-11-09 22:38:23] Батч-вставка размеров: 21 шт для product_id=381
[2025-11-09 22:38:23] Импортировано изображений вариантов: 126 для product_id=381
[2025-11-09 22:38:23]      Успешно импортирован
[2025-11-09 22:38:23] [23/320] Импорт: Jordan Access PU (ID: 700731)
[2025-11-09 22:38:23] Батч-вставка размеров: 20 шт для product_id=382
[2025-11-09 22:38:23] Импортировано изображений вариантов: 120 для product_id=382
[2025-11-09 22:38:23]      Успешно импортирован
[2025-11-09 22:38:23] [24/320] Импорт: Jordan Dub Zero (ID: 700732)
[2025-11-09 22:38:23] Батч-вставка размеров: 19 шт для product_id=383
[2025-11-09 22:38:23] Импортировано изображений вариантов: 95 для product_id=383
[2025-11-09 22:38:23]      Успешно импортирован
[2025-11-09 22:38:23] [25/320] Импорт: Jordan Air Jordan Series (ID: 700733)
[2025-11-09 22:38:23] Батч-вставка размеров: 17 шт для product_id=384
[2025-11-09 22:38:23] Импортировано изображений вариантов: 102 для product_id=384
[2025-11-09 22:38:23]      Успешно импортирован
[2025-11-09 22:38:23] [26/320] Импорт: Jordan Air Jordan 1 High React (ID: 700735)
[2025-11-09 22:38:23] Батч-вставка размеров: 18 шт для product_id=385
[2025-11-09 22:38:24] Импортировано изображений вариантов: 90 для product_id=385
[2025-11-09 22:38:24]      Успешно импортирован
[2025-11-09 22:38:24] [27/320] Импорт: Jordan One Take 1 pf (ID: 700741)
[2025-11-09 22:38:24] Батч-вставка размеров: 14 шт для product_id=386
[2025-11-09 22:38:24] Импортировано изображений вариантов: 84 для product_id=386
[2025-11-09 22:38:24]      Успешно импортирован
[2025-11-09 22:38:24] [28/320] Импорт: Jordan Mars 270 Green Glow (ID: 700744)
[2025-11-09 22:38:24] Батч-вставка размеров: 21 шт для product_id=387
[2025-11-09 22:38:24] Импортировано изображений вариантов: 105 для product_id=387
[2025-11-09 22:38:24]      Успешно импортирован
[2025-11-09 22:38:24] [29/320] Импорт: Jordan MA2 "University Gold" University Gold (ID: 700752)
[2025-11-09 22:38:24] Батч-вставка размеров: 17 шт для product_id=388
[2025-11-09 22:38:24] Импортировано изображений вариантов: 102 для product_id=388
[2025-11-09 22:38:24]      Успешно импортирован
[2025-11-09 22:38:24] [30/320] Импорт: Jordan Air Jordan 1 SE (ID: 700755)
[2025-11-09 22:38:24] Батч-вставка размеров: 14 шт для product_id=389
[2025-11-09 22:38:24] Импортировано изображений вариантов: 84 для product_id=389
[2025-11-09 22:38:24]      Успешно импортирован
[2025-11-09 22:38:24] [31/320] Импорт: Jordan Air Jordan Series ES (ID: 700765)
[2025-11-09 22:38:24] Батч-вставка размеров: 13 шт для product_id=390
[2025-11-09 22:38:24] Импортировано изображений вариантов: 65 для product_id=390
[2025-11-09 22:38:24]      Успешно импортирован
[2025-11-09 22:38:24] [32/320] Импорт: Jordan Air Jordan 1 Retro High Blue Void (ID: 700766)
[2025-11-09 22:38:24] Батч-вставка размеров: 15 шт для product_id=391
[2025-11-09 22:38:24] Импортировано изображений вариантов: 60 для product_id=391
[2025-11-09 22:38:24]      Успешно импортирован
[2025-11-09 22:38:24] [33/320] Импорт: Jordan Fadeaway (ID: 700769)
[2025-11-09 22:38:24] Батч-вставка размеров: 12 шт для product_id=392
[2025-11-09 22:38:24] Импортировано изображений вариантов: 72 для product_id=392
[2025-11-09 22:38:24]      Успешно импортирован
[2025-11-09 22:38:24] [34/320] Импорт: Jordan Aerospace 720 (ID: 700773)
[2025-11-09 22:38:24] Батч-вставка размеров: 19 шт для product_id=393
[2025-11-09 22:38:24] Импортировано изображений вариантов: 76 для product_id=393
[2025-11-09 22:38:24]      Успешно импортирован
[2025-11-09 22:38:24] [35/320] Импорт: Jordan Dub Zero (ID: 700774)
[2025-11-09 22:38:24] Батч-вставка размеров: 12 шт для product_id=394
[2025-11-09 22:38:24] Импортировано изображений вариантов: 72 для product_id=394
[2025-11-09 22:38:24]      Успешно импортирован
[2025-11-09 22:38:24] [36/320] Импорт: Jordan AJNT 23 (ID: 700776)
[2025-11-09 22:38:24] Батч-вставка размеров: 18 шт для product_id=395
[2025-11-09 22:38:24] Импортировано изображений вариантов: 108 для product_id=395
[2025-11-09 22:38:24]      Успешно импортирован
[2025-11-09 22:38:24] [37/320] Импорт: Jordan Air Jordan 1 Rebel XX (ID: 700778)
[2025-11-09 22:38:24] Батч-вставка размеров: 15 шт для product_id=396
[2025-11-09 22:38:24] Импортировано изображений вариантов: 90 для product_id=396
[2025-11-09 22:38:24]      Успешно импортирован
[2025-11-09 22:38:24] [38/320] Импорт: Jordan Air Jordan 1 High FlyEase "Gym Red" (ID: 700780)
[2025-11-09 22:38:24] Батч-вставка размеров: 8 шт для product_id=397
[2025-11-09 22:38:24] Импортировано изображений вариантов: 40 для product_id=397
[2025-11-09 22:38:24]      Успешно импортирован
[2025-11-09 22:38:24] [39/320] Импорт: Jordan Legacy 312 don c (ID: 700781)
[2025-11-09 22:38:24] Батч-вставка размеров: 19 шт для product_id=398
[2025-11-09 22:38:24] Импортировано изображений вариантов: 95 для product_id=398
[2025-11-09 22:38:24]      Успешно импортирован
[2025-11-09 22:38:24] [40/320] Импорт: Jordan Air Jordan OG (ID: 700783)
[2025-11-09 22:38:24] Батч-вставка размеров: 15 шт для product_id=399
[2025-11-09 22:38:24] Импортировано изображений вариантов: 90 для product_id=399
[2025-11-09 22:38:24]      Успешно импортирован
[2025-11-09 22:38:24] [41/320] Импорт: Jordan Air Jordan 1 Retro High Think 16 (Pass The Torch) (ID: 700789)
[2025-11-09 22:38:24] Батч-вставка размеров: 20 шт для product_id=400
[2025-11-09 22:38:24] Импортировано изображений вариантов: 100 для product_id=400
[2025-11-09 22:38:24]      Успешно импортирован
[2025-11-09 22:38:24] [42/320] Импорт: Jordan Air Jordan 19 Retro Melo Flint (ID: 700790)
[2025-11-09 22:38:24] Батч-вставка размеров: 18 шт для product_id=401
[2025-11-09 22:38:24] Импортировано изображений вариантов: 108 для product_id=401
[2025-11-09 22:38:24]      Успешно импортирован
[2025-11-09 22:38:24] [43/320] Импорт: Jordan Air Jordan 1 zoom air cmft "hare" (ID: 700791)
[2025-11-09 22:38:24] Батч-вставка размеров: 18 шт для product_id=402
[2025-11-09 22:38:24] Импортировано изображений вариантов: 108 для product_id=402
[2025-11-09 22:38:24]      Успешно импортирован
[2025-11-09 22:38:24] [44/320] Импорт: Jordan Air Jordan 1 High React (ID: 700793)
[2025-11-09 22:38:24] Батч-вставка размеров: 16 шт для product_id=403
[2025-11-09 22:38:24] Импортировано изображений вариантов: 96 для product_id=403
[2025-11-09 22:38:24]      Успешно импортирован
[2025-11-09 22:38:24] [45/320] Импорт: Jordan Legacy 312 black suede (ID: 700796)
[2025-11-09 22:38:24] Батч-вставка размеров: 12 шт для product_id=404
[2025-11-09 22:38:24] Импортировано изображений вариантов: 60 для product_id=404
[2025-11-09 22:38:24]      Успешно импортирован
[2025-11-09 22:38:24] [46/320] Импорт: Jordan Air Jordan 1 Retro Hi (BG) (ID: 700797)
[2025-11-09 22:38:24] Батч-вставка размеров: 10 шт для product_id=405
[2025-11-09 22:38:24] Импортировано изображений вариантов: 50 для product_id=405
[2025-11-09 22:38:24]      Успешно импортирован
[2025-11-09 22:38:24] [47/320] Импорт: Jordan Air Jordan 1 nova xx (ID: 700798)
[2025-11-09 22:38:24] Батч-вставка размеров: 21 шт для product_id=406
[2025-11-09 22:38:24] Импортировано изображений вариантов: 126 для product_id=406
[2025-11-09 22:38:24]      Успешно импортирован
[2025-11-09 22:38:24] [48/320] Импорт: Jordan One Take 1 Westbrook PF (ID: 700799)
[2025-11-09 22:38:24] Батч-вставка размеров: 12 шт для product_id=407
[2025-11-09 22:38:24] Импортировано изображений вариантов: 72 для product_id=407
[2025-11-09 22:38:24]      Успешно импортирован
[2025-11-09 22:38:24] [49/320] Импорт: Jordan MA2 Air Max (ID: 700800)
[2025-11-09 22:38:24] Батч-вставка размеров: 15 шт для product_id=408
[2025-11-09 22:38:24] Импортировано изображений вариантов: 90 для product_id=408
[2025-11-09 22:38:24]      Успешно импортирован
[2025-11-09 22:38:24] [50/320] Импорт: Jordan Air Jordan 1 Retro High Zip White (ID: 700802)
[2025-11-09 22:38:24] Батч-вставка размеров: 15 шт для product_id=409
[2025-11-09 22:38:24] Импортировано изображений вариантов: 90 для product_id=409
[2025-11-09 22:38:24]      Успешно импортирован
[2025-11-09 22:38:24] [51/320] Импорт: Jordan Air Jordan 1 zoom air cmft "london" (ID: 700804)
[2025-11-09 22:38:24] Батч-вставка размеров: 24 шт для product_id=410
[2025-11-09 22:38:24] Импортировано изображений вариантов: 144 для product_id=410
[2025-11-09 22:38:24]      Успешно импортирован
[2025-11-09 22:38:24] [52/320] Импорт: Jordan Air Jordan Series ES (ID: 700807)
[2025-11-09 22:38:24] Батч-вставка размеров: 12 шт для product_id=411
[2025-11-09 22:38:24] Импортировано изображений вариантов: 72 для product_id=411
[2025-11-09 22:38:24]      Успешно импортирован
[2025-11-09 22:38:24] [53/320] Импорт: Jordan One Take 1 westbrook (ID: 700808)
[2025-11-09 22:38:24] Батч-вставка размеров: 13 шт для product_id=412
[2025-11-09 22:38:25] Импортировано изображений вариантов: 78 для product_id=412
[2025-11-09 22:38:25]      Успешно импортирован
[2025-11-09 22:38:25] [54/320] Импорт: Jordan Fly Unlimited PFX (ID: 700809)
[2025-11-09 22:38:25] Батч-вставка размеров: 14 шт для product_id=413
[2025-11-09 22:38:25] Импортировано изображений вариантов: 56 для product_id=413
[2025-11-09 22:38:25]      Успешно импортирован
[2025-11-09 22:38:25] [55/320] Импорт: Jordan Air Jordan OG (ID: 700810)
[2025-11-09 22:38:25] Батч-вставка размеров: 15 шт для product_id=414
[2025-11-09 22:38:25] Импортировано изображений вариантов: 90 для product_id=414
[2025-11-09 22:38:25]      Успешно импортирован
[2025-11-09 22:38:25] [56/320] Импорт: Jordan Air Jordan Series ES (ID: 700812)
[2025-11-09 22:38:25] Батч-вставка размеров: 14 шт для product_id=415
[2025-11-09 22:38:25] Импортировано изображений вариантов: 84 для product_id=415
[2025-11-09 22:38:25]      Успешно импортирован
[2025-11-09 22:38:25] [57/320] Импорт: Jordan Fadeaway wolf grey (ID: 700815)
[2025-11-09 22:38:25] Батч-вставка размеров: 12 шт для product_id=416
[2025-11-09 22:38:25] Импортировано изображений вариантов: 72 для product_id=416
[2025-11-09 22:38:25]      Успешно импортирован
[2025-11-09 22:38:25] [58/320] Импорт: Jordan True Flight (ID: 700818)
[2025-11-09 22:38:25] Батч-вставка размеров: 12 шт для product_id=417
[2025-11-09 22:38:25] Импортировано изображений вариантов: 60 для product_id=417
[2025-11-09 22:38:25]      Успешно импортирован
[2025-11-09 22:38:25] [59/320] Импорт: Jordan Air Jordan Series 5 (ID: 700821)
[2025-11-09 22:38:25] Батч-вставка размеров: 11 шт для product_id=418
[2025-11-09 22:38:25] Импортировано изображений вариантов: 66 для product_id=418
[2025-11-09 22:38:25]      Успешно импортирован
[2025-11-09 22:38:25] [60/320] Импорт: Jordan MA2 (ID: 700823)
[2025-11-09 22:38:25] Батч-вставка размеров: 14 шт для product_id=419
[2025-11-09 22:38:25] Импортировано изображений вариантов: 84 для product_id=419
[2025-11-09 22:38:25]      Успешно импортирован
[2025-11-09 22:38:25] [61/320] Импорт: Jordan Air Jordan 1 HIGH ZIP (ID: 700824)
[2025-11-09 22:38:25] Батч-вставка размеров: 21 шт для product_id=420
[2025-11-09 22:38:25] Импортировано изображений вариантов: 126 для product_id=420
[2025-11-09 22:38:25]      Успешно импортирован
[2025-11-09 22:38:25] [62/320] Импорт: Jordan Air Jordan 1 Retro High Zip Particle Beige (W) (ID: 700825)
[2025-11-09 22:38:25] Батч-вставка размеров: 21 шт для product_id=421
[2025-11-09 22:38:25] Импортировано изображений вариантов: 126 для product_id=421
[2025-11-09 22:38:25]      Успешно импортирован
[2025-11-09 22:38:25] [63/320] Импорт: COMME DES GARCONS SHIRT x Jordan Air Jordan 1 Homme Plus (ID: 700833)
[2025-11-09 22:38:25] Батч-вставка размеров: 22 шт для product_id=422
[2025-11-09 22:38:25] Импортировано изображений вариантов: 88 для product_id=422
[2025-11-09 22:38:25]      Успешно импортирован
[2025-11-09 22:38:25] [64/320] Импорт: Jordan Air Jordan 18 Retro Red Suede (ID: 700835)
[2025-11-09 22:38:25] Батч-вставка размеров: 17 шт для product_id=423
[2025-11-09 22:38:25] Импортировано изображений вариантов: 85 для product_id=423
[2025-11-09 22:38:25]      Успешно импортирован
[2025-11-09 22:38:25] [65/320] Импорт: Jordan Flight Origin 4 (ID: 700837)
[2025-11-09 22:38:25] Батч-вставка размеров: 18 шт для product_id=424
[2025-11-09 22:38:25] Импортировано изображений вариантов: 108 для product_id=424
[2025-11-09 22:38:25]      Успешно импортирован
[2025-11-09 22:38:25] [66/320] Импорт: Jordan Air Jordan 1 Retro High Desert Sand (W) (ID: 700838)
[2025-11-09 22:38:25] Батч-вставка размеров: 14 шт для product_id=425
[2025-11-09 22:38:25] Импортировано изображений вариантов: 70 для product_id=425
[2025-11-09 22:38:25]      Успешно импортирован
[2025-11-09 22:38:25] [67/320] Импорт: Jordan Air Jordan 1 Nova XX White (ID: 700840)
[2025-11-09 22:38:25] Батч-вставка размеров: 15 шт для product_id=426
[2025-11-09 22:38:25] Импортировано изображений вариантов: 75 для product_id=426
[2025-11-09 22:38:25]      Успешно импортирован
[2025-11-09 22:38:25] [68/320] Импорт: Jordan Air Jordan 1 RE HI Double STRP (ID: 700841)
[2025-11-09 22:38:25] Батч-вставка размеров: 17 шт для product_id=427
[2025-11-09 22:38:25] Импортировано изображений вариантов: 85 для product_id=427
[2025-11-09 22:38:25]      Успешно импортирован
[2025-11-09 22:38:25] [69/320] Импорт: Jordan Air Jordan 1 Retro HI Flyknit logo (ID: 700843)
[2025-11-09 22:38:25] Батч-вставка размеров: 17 шт для product_id=428
[2025-11-09 22:38:25] Импортировано изображений вариантов: 102 для product_id=428
[2025-11-09 22:38:25]      Успешно импортирован
[2025-11-09 22:38:25] [70/320] Импорт: Jordan Air Jordan Series 0.05 (ID: 700845)
[2025-11-09 22:38:25] Батч-вставка размеров: 12 шт для product_id=429
[2025-11-09 22:38:25] Импортировано изображений вариантов: 72 для product_id=429
[2025-11-09 22:38:25]      Успешно импортирован
[2025-11-09 22:38:25] [71/320] Импорт: Jordan MA2 (ID: 700852)
[2025-11-09 22:38:25] Батч-вставка размеров: 15 шт для product_id=430
[2025-11-09 22:38:25] Импортировано изображений вариантов: 90 для product_id=430
[2025-11-09 22:38:25]      Успешно импортирован
[2025-11-09 22:38:25] [72/320] Импорт: Jordan Air Jordan Series ES (ID: 700854)
[2025-11-09 22:38:25] Батч-вставка размеров: 12 шт для product_id=431
[2025-11-09 22:38:25] Импортировано изображений вариантов: 60 для product_id=431
[2025-11-09 22:38:25]      Успешно импортирован
[2025-11-09 22:38:25] [73/320] Импорт: Jordan Air Jordan 1 High React (ID: 700857)
[2025-11-09 22:38:25] Батч-вставка размеров: 15 шт для product_id=432
[2025-11-09 22:38:25] Импортировано изображений вариантов: 75 для product_id=432
[2025-11-09 22:38:25]      Успешно импортирован
[2025-11-09 22:38:25] [74/320] Импорт: Jordan React Havoc PSG (ID: 700858)
[2025-11-09 22:38:25] Батч-вставка размеров: 14 шт для product_id=433
[2025-11-09 22:38:25] Импортировано изображений вариантов: 70 для product_id=433
[2025-11-09 22:38:25]      Успешно импортирован
[2025-11-09 22:38:25] [75/320] Импорт: Jordan Fadeaway White Concord (ID: 700861)
[2025-11-09 22:38:25] Батч-вставка размеров: 13 шт для product_id=434
[2025-11-09 22:38:25] Импортировано изображений вариантов: 65 для product_id=434
[2025-11-09 22:38:25]      Успешно импортирован
[2025-11-09 22:38:25] [76/320] Импорт: Jordan Air Jordan Series .03 (ID: 700862)
[2025-11-09 22:38:25] Батч-вставка размеров: 13 шт для product_id=435
[2025-11-09 22:38:25] Импортировано изображений вариантов: 78 для product_id=435
[2025-11-09 22:38:25]      Успешно импортирован
[2025-11-09 22:38:25] [77/320] Импорт: Jordan Mars 270 (ID: 700864)
[2025-11-09 22:38:25] Батч-вставка размеров: 19 шт для product_id=436
[2025-11-09 22:38:25] Импортировано изображений вариантов: 95 для product_id=436
[2025-11-09 22:38:25]      Успешно импортирован
[2025-11-09 22:38:25] [78/320] Импорт: Jordan Air Jordan Series ES (ID: 700868)
[2025-11-09 22:38:25] Батч-вставка размеров: 12 шт для product_id=437
[2025-11-09 22:38:25] Импортировано изображений вариантов: 72 для product_id=437
[2025-11-09 22:38:25]      Успешно импортирован
[2025-11-09 22:38:25] [79/320] Импорт: Jordan Zoom 85 (ID: 700871)
[2025-11-09 22:38:25] Батч-вставка размеров: 13 шт для product_id=438
[2025-11-09 22:38:25] Импортировано изображений вариантов: 78 для product_id=438
[2025-11-09 22:38:25]      Успешно импортирован
[2025-11-09 22:38:25] [80/320] Импорт: Jordan MA2 "Greatest Gift" (ID: 700872)
[2025-11-09 22:38:25] Батч-вставка размеров: 15 шт для product_id=439
[2025-11-09 22:38:25] Импортировано изображений вариантов: 90 для product_id=439
[2025-11-09 22:38:25]      Успешно импортирован
[2025-11-09 22:38:25] [81/320] Импорт: Jordan Series .01 SE Velvet Midnight Navy (ID: 700873)
[2025-11-09 22:38:25] Батч-вставка размеров: 14 шт для product_id=440
[2025-11-09 22:38:25] Импортировано изображений вариантов: 84 для product_id=440
[2025-11-09 22:38:25]      Успешно импортирован
[2025-11-09 22:38:25] [82/320] Импорт: Jordan Lift off (ID: 700875)
[2025-11-09 22:38:25] Батч-вставка размеров: 12 шт для product_id=441
[2025-11-09 22:38:25] Импортировано изображений вариантов: 72 для product_id=441
[2025-11-09 22:38:25]      Успешно импортирован
[2025-11-09 22:38:25] [83/320] Импорт: Jordan True Flight (ID: 700877)
[2025-11-09 22:38:25] Батч-вставка размеров: 19 шт для product_id=442
[2025-11-09 22:38:26] Импортировано изображений вариантов: 95 для product_id=442
[2025-11-09 22:38:26]      Успешно импортирован
[2025-11-09 22:38:26] [84/320] Импорт: Jordan Air Jordan Series 05 Dear Future (ID: 700879)
[2025-11-09 22:38:26] Батч-вставка размеров: 11 шт для product_id=443
[2025-11-09 22:38:26] Импортировано изображений вариантов: 66 для product_id=443
[2025-11-09 22:38:26]      Успешно импортирован
[2025-11-09 22:38:26] [85/320] Импорт: Jordan Air Jordan MA2 (ID: 700884)
[2025-11-09 22:38:26] Батч-вставка размеров: 19 шт для product_id=444
[2025-11-09 22:38:26] Импортировано изображений вариантов: 114 для product_id=444
[2025-11-09 22:38:26]      Успешно импортирован
[2025-11-09 22:38:26] [86/320] Импорт: Jordan Zoom 92 (ID: 700886)
[2025-11-09 22:38:26] Батч-вставка размеров: 15 шт для product_id=445
[2025-11-09 22:38:26] Импортировано изображений вариантов: 90 для product_id=445
[2025-11-09 22:38:26]      Успешно импортирован
[2025-11-09 22:38:26] [87/320] Импорт: Jordan MA2 TPU (ID: 700889)
[2025-11-09 22:38:26] Батч-вставка размеров: 15 шт для product_id=446
[2025-11-09 22:38:26] Импортировано изображений вариантов: 90 для product_id=446
[2025-11-09 22:38:26]      Успешно импортирован
[2025-11-09 22:38:26] [88/320] Импорт: Jordan Air Jordan Series "Dear Unknown" (ID: 700892)
[2025-11-09 22:38:26] Батч-вставка размеров: 13 шт для product_id=447
[2025-11-09 22:38:26] Импортировано изображений вариантов: 78 для product_id=447
[2025-11-09 22:38:26]      Успешно импортирован
[2025-11-09 22:38:26] [89/320] Импорт: Jordan Air Jordan Series ES (ID: 700895)
[2025-11-09 22:38:26] Батч-вставка размеров: 15 шт для product_id=448
[2025-11-09 22:38:26] Импортировано изображений вариантов: 90 для product_id=448
[2025-11-09 22:38:26]      Успешно импортирован
[2025-11-09 22:38:26] [90/320] Импорт: Jordan Maxin 200 (ID: 700900)
[2025-11-09 22:38:26] Батч-вставка размеров: 19 шт для product_id=449
[2025-11-09 22:38:26] Импортировано изображений вариантов: 76 для product_id=449
[2025-11-09 22:38:26]      Успешно импортирован
[2025-11-09 22:38:26] [91/320] Импорт: Jordan Air Jordan 1 High Double Strap (ID: 700901)
[2025-11-09 22:38:26] Батч-вставка размеров: 17 шт для product_id=450
[2025-11-09 22:38:26] Импортировано изображений вариантов: 102 для product_id=450
[2025-11-09 22:38:26]      Успешно импортирован
[2025-11-09 22:38:26] [92/320] Импорт: Jordan Trunner Ultimate Ultimate (ID: 700904)
[2025-11-09 22:38:26] Батч-вставка размеров: 11 шт для product_id=451
[2025-11-09 22:38:26] Импортировано изображений вариантов: 66 для product_id=451
[2025-11-09 22:38:26]      Успешно импортирован
[2025-11-09 22:38:26] [93/320] Импорт: Jordan Air Jordan 1 air cmft (ID: 700907)
[2025-11-09 22:38:26] Батч-вставка размеров: 20 шт для product_id=452
[2025-11-09 22:38:26] Импортировано изображений вариантов: 120 для product_id=452
[2025-11-09 22:38:26]      Успешно импортирован
[2025-11-09 22:38:26] [94/320] Импорт: Jordan Air Jordan 1 Retro High Zip (ID: 700909)
[2025-11-09 22:38:26] Батч-вставка размеров: 15 шт для product_id=453
[2025-11-09 22:38:26] Импортировано изображений вариантов: 75 для product_id=453
[2025-11-09 22:38:26]      Успешно импортирован
[2025-11-09 22:38:26] [95/320] Импорт: PSG x Jordan MA2 TPU (ID: 700914)
[2025-11-09 22:38:26] Батч-вставка размеров: 15 шт для product_id=454
[2025-11-09 22:38:26] Импортировано изображений вариантов: 90 для product_id=454
[2025-11-09 22:38:26]      Успешно импортирован
[2025-11-09 22:38:26] [96/320] Импорт: Jordan Future Low Red (ID: 700915)
[2025-11-09 22:38:26] Батч-вставка размеров: 14 шт для product_id=455
[2025-11-09 22:38:26] Импортировано изображений вариантов: 84 для product_id=455
[2025-11-09 22:38:26]      Успешно импортирован
[2025-11-09 22:38:26] [97/320] Импорт: Jordan MA2 (ID: 700916)
[2025-11-09 22:38:26] Батч-вставка размеров: 8 шт для product_id=456
[2025-11-09 22:38:26] Импортировано изображений вариантов: 48 для product_id=456
[2025-11-09 22:38:26]      Успешно импортирован
[2025-11-09 22:38:26] [98/320] Импорт: Jordan Mars 270 Low "Thunder" (ID: 700921)
[2025-11-09 22:38:26] Батч-вставка размеров: 15 шт для product_id=457
[2025-11-09 22:38:26] Импортировано изображений вариантов: 90 для product_id=457
[2025-11-09 22:38:26]      Успешно импортирован
[2025-11-09 22:38:26] [99/320] Импорт: Jordan Legacy 312 elephant print (ID: 700923)
[2025-11-09 22:38:26] Батч-вставка размеров: 25 шт для product_id=458
[2025-11-09 22:38:26] Импортировано изображений вариантов: 150 для product_id=458
[2025-11-09 22:38:26]      Успешно импортирован
[2025-11-09 22:38:26] [100/320] Импорт: Jordan Air Jordan 1 RE HI Double STRP (ID: 700925)
[2025-11-09 22:38:26] Батч-вставка размеров: 13 шт для product_id=459
[2025-11-09 22:38:26] Импортировано изображений вариантов: 65 для product_id=459
[2025-11-09 22:38:26]      Успешно импортирован
[2025-11-09 22:38:26] [101/320] Импорт: Jordan Air Jordan 1 Noise Cancelling (ID: 700927)
[2025-11-09 22:38:26] Батч-вставка размеров: 21 шт для product_id=460
[2025-11-09 22:38:26] Импортировано изображений вариантов: 105 для product_id=460
[2025-11-09 22:38:26]      Успешно импортирован
[2025-11-09 22:38:26] [102/320] Импорт: Jordan Air Jordan 1 Utility "Neutral Olive" (ID: 700929)
[2025-11-09 22:38:26] Батч-вставка размеров: 21 шт для product_id=461
[2025-11-09 22:38:26] Импортировано изображений вариантов: 126 для product_id=461
[2025-11-09 22:38:26]      Успешно импортирован
[2025-11-09 22:38:26] [103/320] Импорт: Jordan Air Jordan 1 Nova XX PU (ID: 700935)
[2025-11-09 22:38:26] Батч-вставка размеров: 15 шт для product_id=462
[2025-11-09 22:38:26] Импортировано изображений вариантов: 90 для product_id=462
[2025-11-09 22:38:26]      Успешно импортирован
[2025-11-09 22:38:26] [104/320] Импорт: Don C x Jordan Legacy 312 (ID: 700937)
[2025-11-09 22:38:26] Батч-вставка размеров: 22 шт для product_id=463
[2025-11-09 22:38:26] Импортировано изображений вариантов: 88 для product_id=463
[2025-11-09 22:38:26]      Успешно импортирован
[2025-11-09 22:38:26] [105/320] Импорт: Sneakersnstuff x Jordan Mars 270 (ID: 700940)
[2025-11-09 22:38:26] Батч-вставка размеров: 20 шт для product_id=464
[2025-11-09 22:38:26] Импортировано изображений вариантов: 80 для product_id=464
[2025-11-09 22:38:26]      Успешно импортирован
[2025-11-09 22:38:26] [106/320] Импорт: Jordan Aerospace 720 PSG (ID: 700944)
[2025-11-09 22:38:26] Батч-вставка размеров: 19 шт для product_id=465
[2025-11-09 22:38:26] Импортировано изображений вариантов: 114 для product_id=465
[2025-11-09 22:38:26]      Успешно импортирован
[2025-11-09 22:38:26] [107/320] Импорт: Jordan Air Jordan 1 High Golf "Bordeaux" (ID: 700958)
[2025-11-09 22:38:26] Батч-вставка размеров: 25 шт для product_id=466
[2025-11-09 22:38:26] Импортировано изображений вариантов: 150 для product_id=466
[2025-11-09 22:38:26]      Успешно импортирован
[2025-11-09 22:38:26] [108/320] Импорт: Jordan Air Jordan 1 high zoom air cmft "team red" (ID: 700959)
[2025-11-09 22:38:26] Батч-вставка размеров: 19 шт для product_id=467
[2025-11-09 22:38:26] Импортировано изображений вариантов: 114 для product_id=467
[2025-11-09 22:38:26]      Успешно импортирован
[2025-11-09 22:38:26] [109/320] Импорт: Jordan Future Phantom White (ID: 700961)
[2025-11-09 22:38:26] Батч-вставка размеров: 15 шт для product_id=468
[2025-11-09 22:38:26] Импортировано изображений вариантов: 75 для product_id=468
[2025-11-09 22:38:26]      Успешно импортирован
[2025-11-09 22:38:26] [110/320] Импорт: Jordan Air Jordan 1 Retro High Black Desert Sand (ID: 701020)
[2025-11-09 22:38:26] Батч-вставка размеров: 13 шт для product_id=469
[2025-11-09 22:38:26] Импортировано изображений вариантов: 65 для product_id=469
[2025-11-09 22:38:26]      Успешно импортирован
[2025-11-09 22:38:26] [111/320] Импорт: Jordan Air Ship "Bike Air" (ID: 701025)
[2025-11-09 22:38:26] Батч-вставка размеров: 26 шт для product_id=470
[2025-11-09 22:38:26] Импортировано изображений вариантов: 156 для product_id=470
[2025-11-09 22:38:26]      Успешно импортирован
[2025-11-09 22:38:26] [112/320] Импорт: Jordan Air Jordan 1 Flyease (ID: 701028)
[2025-11-09 22:38:26] Батч-вставка размеров: 19 шт для product_id=471
[2025-11-09 22:38:26] Импортировано изображений вариантов: 95 для product_id=471
[2025-11-09 22:38:26]      Успешно импортирован
[2025-11-09 22:38:26] [113/320] Импорт: Jordan Air Jordan 1 Unsupreme (ID: 701029)
[2025-11-09 22:38:26] Батч-вставка размеров: 10 шт для product_id=472
[2025-11-09 22:38:26] Импортировано изображений вариантов: 50 для product_id=472
[2025-11-09 22:38:26]      Успешно импортирован
[2025-11-09 22:38:26] [114/320] Импорт: Jordan Westbrook 0.3 (ID: 701039)
[2025-11-09 22:38:26] Батч-вставка размеров: 13 шт для product_id=473
[2025-11-09 22:38:26] Импортировано изображений вариантов: 65 для product_id=473
[2025-11-09 22:38:26]      Успешно импортирован
[2025-11-09 22:38:26] [115/320] Импорт: Jordan Maxin 200 (ID: 701040)
[2025-11-09 22:38:26] Батч-вставка размеров: 14 шт для product_id=474
[2025-11-09 22:38:27] Импортировано изображений вариантов: 70 для product_id=474
[2025-11-09 22:38:27]      Успешно импортирован
[2025-11-09 22:38:27] [116/320] Импорт: Jordan MA2 (ID: 701042)
[2025-11-09 22:38:27] Батч-вставка размеров: 8 шт для product_id=475
[2025-11-09 22:38:27] Импортировано изображений вариантов: 48 для product_id=475
[2025-11-09 22:38:27]      Успешно импортирован
[2025-11-09 22:38:27] [117/320] Импорт: Jordan Air Jordan 1 React Court Purple (ID: 701043)
[2025-11-09 22:38:27] Батч-вставка размеров: 12 шт для product_id=476
[2025-11-09 22:38:27] Импортировано изображений вариантов: 60 для product_id=476
[2025-11-09 22:38:27]      Успешно импортирован
[2025-11-09 22:38:27] [118/320] Импорт: Lyrical Lemonade x Jordan Aerospace 720 (ID: 701048)
[2025-11-09 22:38:27] Батч-вставка размеров: 13 шт для product_id=477
[2025-11-09 22:38:27] Импортировано изображений вариантов: 78 для product_id=477
[2025-11-09 22:38:27]      Успешно импортирован
[2025-11-09 22:38:27] [119/320] Импорт: Jordan React Havoc (ID: 701049)
[2025-11-09 22:38:27] Батч-вставка размеров: 12 шт для product_id=478
[2025-11-09 22:38:27] Импортировано изображений вариантов: 60 для product_id=478
[2025-11-09 22:38:27]      Успешно импортирован
[2025-11-09 22:38:27] [120/320] Импорт: Jordan React Havoc (ID: 701053)
[2025-11-09 22:38:27] Батч-вставка размеров: 15 шт для product_id=479
[2025-11-09 22:38:27] Импортировано изображений вариантов: 75 для product_id=479
[2025-11-09 22:38:27]      Успешно импортирован
[2025-11-09 22:38:27] [121/320] Импорт: Jordan Air Jordan 8 Retro OVO White Drake 2018 (ID: 701054)
[2025-11-09 22:38:27] Батч-вставка размеров: 19 шт для product_id=480
[2025-11-09 22:38:27] Импортировано изображений вариантов: 95 для product_id=480
[2025-11-09 22:38:27]      Успешно импортирован
[2025-11-09 22:38:27] [122/320] Импорт: Jordan Future BG Black (ID: 701056)
[2025-11-09 22:38:27] Батч-вставка размеров: 8 шт для product_id=481
[2025-11-09 22:38:27] Импортировано изображений вариантов: 48 для product_id=481
[2025-11-09 22:38:27]      Успешно импортирован
[2025-11-09 22:38:27] [123/320] Импорт: Jordan Air Jordan 1 Explorer XX Luminous Green (ID: 701077)
[2025-11-09 22:38:27] Батч-вставка размеров: 13 шт для product_id=482
[2025-11-09 22:38:27] Импортировано изображений вариантов: 65 для product_id=482
[2025-11-09 22:38:27]      Успешно импортирован
[2025-11-09 22:38:27] [124/320] Импорт: Jordan Zoom 85 (ID: 701078)
[2025-11-09 22:38:27] Батч-вставка размеров: 11 шт для product_id=483
[2025-11-09 22:38:27] Импортировано изображений вариантов: 66 для product_id=483
[2025-11-09 22:38:27]      Успешно импортирован
[2025-11-09 22:38:27] [125/320] Импорт: Jordan MA2 (ID: 701081)
[2025-11-09 22:38:27] Батч-вставка размеров: 8 шт для product_id=484
[2025-11-09 22:38:27] Импортировано изображений вариантов: 48 для product_id=484
[2025-11-09 22:38:27]      Успешно импортирован
[2025-11-09 22:38:27] [126/320] Импорт: Jordan Future (ID: 701091)
[2025-11-09 22:38:27] Батч-вставка размеров: 15 шт для product_id=485
[2025-11-09 22:38:27] Импортировано изображений вариантов: 75 для product_id=485
[2025-11-09 22:38:27]      Успешно импортирован
[2025-11-09 22:38:27] [127/320] Импорт: Jordan Westbrook One Take (ID: 701092)
[2025-11-09 22:38:27] Батч-вставка размеров: 16 шт для product_id=486
[2025-11-09 22:38:27] Импортировано изображений вариантов: 96 для product_id=486
[2025-11-09 22:38:27]      Успешно импортирован
[2025-11-09 22:38:27] [128/320] Импорт: Jordan Air Jordan 1 Retro Ultra High Bred (ID: 701095)
[2025-11-09 22:38:27] Батч-вставка размеров: 15 шт для product_id=487
[2025-11-09 22:38:27] Импортировано изображений вариантов: 60 для product_id=487
[2025-11-09 22:38:27]      Успешно импортирован
[2025-11-09 22:38:27] [129/320] Импорт: Jordan Air Jordan 1 High Zoom Cmft 2 "Muslin" (ID: 701100)
[2025-11-09 22:38:27] Батч-вставка размеров: 19 шт для product_id=488
[2025-11-09 22:38:27] Импортировано изображений вариантов: 114 для product_id=488
[2025-11-09 22:38:27]      Успешно импортирован
[2025-11-09 22:38:27] [130/320] Импорт: Jordan Air Jordan Series .02 "University Blue" (ID: 701106)
[2025-11-09 22:38:27] Батч-вставка размеров: 13 шт для product_id=489
[2025-11-09 22:38:27] Импортировано изображений вариантов: 78 для product_id=489
[2025-11-09 22:38:27]      Успешно импортирован
[2025-11-09 22:38:27] [131/320] Импорт: Jordan Fly Unlimited (ID: 701107)
[2025-11-09 22:38:27] Батч-вставка размеров: 12 шт для product_id=490
[2025-11-09 22:38:27] Импортировано изображений вариантов: 72 для product_id=490
[2025-11-09 22:38:27]      Успешно импортирован
[2025-11-09 22:38:27] [132/320] Импорт: Jordan Legacy 312 Hyper Jade (ID: 701108)
[2025-11-09 22:38:27] Батч-вставка размеров: 8 шт для product_id=491
[2025-11-09 22:38:27] Импортировано изображений вариантов: 48 для product_id=491
[2025-11-09 22:38:27]      Успешно импортирован
[2025-11-09 22:38:27] [133/320] Импорт: Jordan Air Jordan 1 High Zip Premium (ID: 701109)
[2025-11-09 22:38:27] Батч-вставка размеров: 13 шт для product_id=492
[2025-11-09 22:38:27] Импортировано изображений вариантов: 65 для product_id=492
[2025-11-09 22:38:27]      Успешно импортирован
[2025-11-09 22:38:27] [134/320] Импорт: Jordan Air Jordan 1 Element "Black Olive" (ID: 701111)
[2025-11-09 22:38:27] Батч-вставка размеров: 21 шт для product_id=493
[2025-11-09 22:38:27] Импортировано изображений вариантов: 126 для product_id=493
[2025-11-09 22:38:27]      Успешно импортирован
[2025-11-09 22:38:27] [135/320] Импорт: Jordan Spizike (ID: 701112)
[2025-11-09 22:38:27] Батч-вставка размеров: 12 шт для product_id=494
[2025-11-09 22:38:27] Импортировано изображений вариантов: 60 для product_id=494
[2025-11-09 22:38:27]      Успешно импортирован
[2025-11-09 22:38:27] [136/320] Импорт: Jordan Air Jordan Series .03 "Dear '90s" (ID: 701116)
[2025-11-09 22:38:27] Батч-вставка размеров: 20 шт для product_id=495
[2025-11-09 22:38:27] Импортировано изображений вариантов: 120 для product_id=495
[2025-11-09 22:38:27]      Успешно импортирован
[2025-11-09 22:38:27] [137/320] Импорт: Jordan Air Jordan 12 Retro Gym (ID: 706256)
[2025-11-09 22:38:27] Батч-вставка размеров: 22 шт для product_id=496
[2025-11-09 22:38:27] Импортировано изображений вариантов: 132 для product_id=496
[2025-11-09 22:38:27]      Успешно импортирован
[2025-11-09 22:38:27] [138/320] Импорт: Jordan Air Jordan 4 Retro Thunder 2012 (ID: 706258)
[2025-11-09 22:38:27] Батч-вставка размеров: 16 шт для product_id=497
[2025-11-09 22:38:27] Импортировано изображений вариантов: 80 для product_id=497
[2025-11-09 22:38:27]      Успешно импортирован
[2025-11-09 22:38:27] [139/320] Импорт: Jordan Air Jordan 11 concord 2011 (ID: 706259)
[2025-11-09 22:38:27] Батч-вставка размеров: 16 шт для product_id=498
[2025-11-09 22:38:27] Импортировано изображений вариантов: 80 для product_id=498
[2025-11-09 22:38:27]      Успешно импортирован
[2025-11-09 22:38:27] [140/320] Импорт: Jordan Air Jordan 11 Retro Low IE Obsidian (ID: 706260)
[2025-11-09 22:38:27] Батч-вставка размеров: 23 шт для product_id=499
[2025-11-09 22:38:27] Импортировано изображений вариантов: 138 для product_id=499
[2025-11-09 22:38:27]      Успешно импортирован
[2025-11-09 22:38:27] [141/320] Импорт: Jordan Air Jordan 10 Retro Powder (ID: 706261)
[2025-11-09 22:38:28] Батч-вставка размеров: 20 шт для product_id=500
[2025-11-09 22:38:28] Импортировано изображений вариантов: 100 для product_id=500
[2025-11-09 22:38:28]      Успешно импортирован
[2025-11-09 22:38:28] [142/320] Импорт: Jordan Air Jordan 2 Retro Wing It (ID: 706262)
[2025-11-09 22:38:28] Батч-вставка размеров: 21 шт для product_id=501
[2025-11-09 22:38:28] Импортировано изображений вариантов: 105 для product_id=501
[2025-11-09 22:38:28]      Успешно импортирован
[2025-11-09 22:38:28] [143/320] Импорт: Jordan Air Jordan 4 Retro "White Cement" 2012 (ID: 706263)
[2025-11-09 22:38:28] Батч-вставка размеров: 15 шт для product_id=502
[2025-11-09 22:38:28] Импортировано изображений вариантов: 90 для product_id=502
[2025-11-09 22:38:28]      Успешно импортирован
[2025-11-09 22:38:28] [144/320] Импорт: Jordan Air Jordan 5 Retro Low "CNY" (ID: 706267)
[2025-11-09 22:38:28] Батч-вставка размеров: 19 шт для product_id=503
[2025-11-09 22:38:28] Импортировано изображений вариантов: 76 для product_id=503
[2025-11-09 22:38:28]      Успешно импортирован
[2025-11-09 22:38:28] [145/320] Импорт: Jordan Air Jordan 5 Retro Black Metallic (2016) (ID: 706268)
[2025-11-09 22:38:28] Батч-вставка размеров: 16 шт для product_id=504
[2025-11-09 22:38:28] Импортировано изображений вариантов: 64 для product_id=504
[2025-11-09 22:38:28]      Успешно импортирован
[2025-11-09 22:38:28] [146/320] Импорт: Jordan Air Jordan 5 Retro Poison Green (ID: 706269)
[2025-11-09 22:38:28] Батч-вставка размеров: 15 шт для product_id=505
[2025-11-09 22:38:28] Импортировано изображений вариантов: 60 для product_id=505
[2025-11-09 22:38:28]      Успешно импортирован
[2025-11-09 22:38:28] [147/320] Импорт: Jordan Air Jordan 4 Retro Toro Bravo 2013 (ID: 706271)
[2025-11-09 22:38:28] Батч-вставка размеров: 18 шт для product_id=506
[2025-11-09 22:38:28] Импортировано изображений вариантов: 90 для product_id=506
[2025-11-09 22:38:28]      Успешно импортирован
[2025-11-09 22:38:28] [148/320] Импорт: Jordan Air Jordan 6 Retro Carmine (2014) (ID: 706272)
[2025-11-09 22:38:28] Батч-вставка размеров: 18 шт для product_id=507
[2025-11-09 22:38:28] Импортировано изображений вариантов: 108 для product_id=507
[2025-11-09 22:38:28]      Успешно импортирован
[2025-11-09 22:38:28] [149/320] Импорт: Jordan Air Jordan 7 Retro Marvin The Martian (ID: 706273)
[2025-11-09 22:38:28] Батч-вставка размеров: 15 шт для product_id=508
[2025-11-09 22:38:28] Импортировано изображений вариантов: 75 для product_id=508
[2025-11-09 22:38:28]      Успешно импортирован
[2025-11-09 22:38:28] [150/320] Импорт: Jordan Air Jordan 7 Retro Pantone (ID: 706274)
[2025-11-09 22:38:28] Батч-вставка размеров: 15 шт для product_id=509
[2025-11-09 22:38:28] Импортировано изображений вариантов: 60 для product_id=509
[2025-11-09 22:38:28]      Успешно импортирован
[2025-11-09 22:38:28] [151/320] Импорт: Jordan Air Jordan 9 Retro Anthracite 2015 (ID: 706275)
[2025-11-09 22:38:28] Батч-вставка размеров: 19 шт для product_id=510
[2025-11-09 22:38:28] Импортировано изображений вариантов: 95 для product_id=510
[2025-11-09 22:38:28]      Успешно импортирован
[2025-11-09 22:38:28] [152/320] Импорт: Jordan Air Jordan 7 Retro Pure Platinum (ID: 706276)
[2025-11-09 22:38:28] Батч-вставка размеров: 15 шт для product_id=511
[2025-11-09 22:38:28] Импортировано изображений вариантов: 60 для product_id=511
[2025-11-09 22:38:28]      Успешно импортирован
[2025-11-09 22:38:28] [153/320] Импорт: Jordan Air Jordan 9 Retro Low Snakeskin (ID: 706277)
[2025-11-09 22:38:28] Батч-вставка размеров: 19 шт для product_id=512
[2025-11-09 22:38:28] Импортировано изображений вариантов: 114 для product_id=512
[2025-11-09 22:38:28]      Успешно импортирован
[2025-11-09 22:38:28] [154/320] Импорт: Jordan Air Jordan 9 Retro Statue (ID: 706278)
[2025-11-09 22:38:28] Батч-вставка размеров: 19 шт для product_id=513
[2025-11-09 22:38:28] Импортировано изображений вариантов: 95 для product_id=513
[2025-11-09 22:38:28]      Успешно импортирован
[2025-11-09 22:38:28] [155/320] Импорт: Jordan Air Jordan 9 Retro Low Pantone (ID: 706279)
[2025-11-09 22:38:28] Батч-вставка размеров: 19 шт для product_id=514
[2025-11-09 22:38:28] Импортировано изображений вариантов: 114 для product_id=514
[2025-11-09 22:38:28]      Успешно импортирован
[2025-11-09 22:38:28] [156/320] Импорт: Jordan Air Jordan 9 Retro Barons (ID: 706280)
[2025-11-09 22:38:28] Батч-вставка размеров: 19 шт для product_id=515
[2025-11-09 22:38:28] Импортировано изображений вариантов: 114 для product_id=515
[2025-11-09 22:38:28]      Успешно импортирован
[2025-11-09 22:38:28] [157/320] Импорт: Jordan Air Jordan 12 Wings (ID: 706281)
[2025-11-09 22:38:28] Батч-вставка размеров: 18 шт для product_id=516
[2025-11-09 22:38:28] Импортировано изображений вариантов: 90 для product_id=516
[2025-11-09 22:38:28]      Успешно импортирован
[2025-11-09 22:38:28] [158/320] Импорт: Jordan Air Jordan 10 Retro Drake OVO (ID: 706283)
[2025-11-09 22:38:28] Батч-вставка размеров: 14 шт для product_id=517
[2025-11-09 22:38:28] Импортировано изображений вариантов: 70 для product_id=517
[2025-11-09 22:38:28]      Успешно импортирован
[2025-11-09 22:38:28] [159/320] Импорт: Jordan Air Jordan 3 retro sport blue 2014 (ID: 706284)
[2025-11-09 22:38:28] Батч-вставка размеров: 17 шт для product_id=518
[2025-11-09 22:38:28] Импортировано изображений вариантов: 68 для product_id=518
[2025-11-09 22:38:28]      Успешно импортирован
[2025-11-09 22:38:28] [160/320] Импорт: Jordan Air Jordan 12 Retro Low Playoffs (ID: 706285)
[2025-11-09 22:38:28] Батч-вставка размеров: 19 шт для product_id=519
[2025-11-09 22:38:28] Импортировано изображений вариантов: 95 для product_id=519
[2025-11-09 22:38:28]      Успешно импортирован
[2025-11-09 22:38:28] [161/320] Импорт: Jordan Air Jordan 11 Concord (ID: 706289)
[2025-11-09 22:38:28] Батч-вставка размеров: 10 шт для product_id=520
[2025-11-09 22:38:28] Импортировано изображений вариантов: 50 для product_id=520
[2025-11-09 22:38:28]      Успешно импортирован
[2025-11-09 22:38:28] [162/320] Импорт: Jordan Air Jordan 1 Retro LA (ID: 706367)
[2025-11-09 22:38:28] Батч-вставка размеров: 12 шт для product_id=521
[2025-11-09 22:38:28] Импортировано изображений вариантов: 72 для product_id=521
[2025-11-09 22:38:28]      Успешно импортирован
[2025-11-09 22:38:28] [163/320] Импорт: Jordan Air Jordan 1 Retro BHM 2017 (ID: 706369)
[2025-11-09 22:38:28] Батч-вставка размеров: 17 шт для product_id=522
[2025-11-09 22:38:28] Импортировано изображений вариантов: 85 для product_id=522
[2025-11-09 22:38:28]      Успешно импортирован
[2025-11-09 22:38:28] [164/320] Импорт: Jordan Air Jordan 1 RE (ID: 706470)
[2025-11-09 22:38:28] Батч-вставка размеров: 15 шт для product_id=523
[2025-11-09 22:38:28] Импортировано изображений вариантов: 75 для product_id=523
[2025-11-09 22:38:28]      Успешно импортирован
[2025-11-09 22:38:28] [165/320] Импорт: Jordan Air Jordan 6 Rings (ID: 706528)
[2025-11-09 22:38:28] Батч-вставка размеров: 15 шт для product_id=524
[2025-11-09 22:38:28] Импортировано изображений вариантов: 75 для product_id=524
[2025-11-09 22:38:28]      Успешно импортирован
[2025-11-09 22:38:28] [166/320] Импорт: Jordan Air Jordan 1 Mid Black (ID: 706674)
[2025-11-09 22:38:28] Батч-вставка размеров: 19 шт для product_id=525
[2025-11-09 22:38:28] Импортировано изображений вариантов: 95 для product_id=525
[2025-11-09 22:38:28]      Успешно импортирован
[2025-11-09 22:38:28] [167/320] Импорт: Jordan Air Jordan 2 Retro Melo (ID: 706698)
[2025-11-09 22:38:28] Батч-вставка размеров: 11 шт для product_id=526
[2025-11-09 22:38:28] Импортировано изображений вариантов: 44 для product_id=526
[2025-11-09 22:38:28]      Успешно импортирован
[2025-11-09 22:38:28] [168/320] Импорт: Jordan Air Jordan 2 Retro Silver Anniversary (ID: 706699)
[2025-11-09 22:38:28] Батч-вставка размеров: 11 шт для product_id=527
[2025-11-09 22:38:28] Импортировано изображений вариантов: 44 для product_id=527
[2025-11-09 22:38:28]      Успешно импортирован
[2025-11-09 22:38:28] [169/320] Импорт: Jordan Air Jordan 2 Retro Premio Bin 23 (ID: 706700)
[2025-11-09 22:38:28] Батч-вставка размеров: 11 шт для product_id=528
[2025-11-09 22:38:28] Импортировано изображений вариантов: 55 для product_id=528
[2025-11-09 22:38:28]      Успешно импортирован
[2025-11-09 22:38:28] [170/320] Импорт: Jordan Air Jordan 3 Retro Silver Anniversary (ID: 706701)
[2025-11-09 22:38:28] Батч-вставка размеров: 12 шт для product_id=529
[2025-11-09 22:38:28] Импортировано изображений вариантов: 60 для product_id=529
[2025-11-09 22:38:28]      Успешно импортирован
[2025-11-09 22:38:28] [171/320] Импорт: Jordan Air Jordan 3 Retro Fear Pack (ID: 706702)
[2025-11-09 22:38:28] Батч-вставка размеров: 12 шт для product_id=530
[2025-11-09 22:38:28] Импортировано изображений вариантов: 60 для product_id=530
[2025-11-09 22:38:28]      Успешно импортирован
[2025-11-09 22:38:28] [172/320] Импорт: Jordan Air Jordan 7 Retro Citrus (ID: 706707)
[2025-11-09 22:38:28] Батч-вставка размеров: 20 шт для product_id=531
[2025-11-09 22:38:28] Импортировано изображений вариантов: 80 для product_id=531
[2025-11-09 22:38:28]      Успешно импортирован
[2025-11-09 22:38:28] [173/320] Импорт: Jordan Air Jordan 10 Retro Linen (ID: 706718)
[2025-11-09 22:38:28] Батч-вставка размеров: 14 шт для product_id=532
[2025-11-09 22:38:28] Импортировано изображений вариантов: 70 для product_id=532
[2025-11-09 22:38:28]      Успешно импортирован
[2025-11-09 22:38:28] [174/320] Импорт: Jordan Air Jordan 7 Retro Olympic 2012 (ID: 706721)
[2025-11-09 22:38:29] Батч-вставка размеров: 14 шт для product_id=533
[2025-11-09 22:38:29] Импортировано изображений вариантов: 56 для product_id=533
[2025-11-09 22:38:29]      Успешно импортирован
[2025-11-09 22:38:29] [175/320] Импорт: Jordan Air Jordan 1 Retro Lola Bunny (ID: 706752)
[2025-11-09 22:38:29] Батч-вставка размеров: 15 шт для product_id=534
[2025-11-09 22:38:29] Импортировано изображений вариантов: 75 для product_id=534
[2025-11-09 22:38:29]      Успешно импортирован
[2025-11-09 22:38:29] [176/320] Импорт: Jordan Air Jordan 3 Retro Doernbecher 2010 (ID: 706755)
[2025-11-09 22:38:29] Батч-вставка размеров: 11 шт для product_id=535
[2025-11-09 22:38:29] Импортировано изображений вариантов: 55 для product_id=535
[2025-11-09 22:38:29]      Успешно импортирован
[2025-11-09 22:38:29] [177/320] Импорт: Jordan Air Jordan 4 (ID: 706756)
[2025-11-09 22:38:29] Батч-вставка размеров: 19 шт для product_id=536
[2025-11-09 22:38:29] Импортировано изображений вариантов: 95 для product_id=536
[2025-11-09 22:38:29]      Успешно импортирован
[2025-11-09 22:38:29] [178/320] Импорт: Jordan Air Jordan 4 retro doernbecher (ID: 706758)
[2025-11-09 22:38:29] Батч-вставка размеров: 13 шт для product_id=537
[2025-11-09 22:38:29] Импортировано изображений вариантов: 65 для product_id=537
[2025-11-09 22:38:29]      Успешно импортирован
[2025-11-09 22:38:29] [179/320] Импорт: Jordan Air Jordan 3 Retro Do The Right Thing (ID: 706763)
[2025-11-09 22:38:29] Батч-вставка размеров: 11 шт для product_id=538
[2025-11-09 22:38:29] Импортировано изображений вариантов: 55 для product_id=538
[2025-11-09 22:38:29]      Успешно импортирован
[2025-11-09 22:38:29] [180/320] Импорт: Jordan Air Jordan 5 Retro Laser (ID: 706764)
[2025-11-09 22:38:29] Батч-вставка размеров: 11 шт для product_id=539
[2025-11-09 22:38:29] Импортировано изображений вариантов: 55 для product_id=539
[2025-11-09 22:38:29]      Успешно импортирован
[2025-11-09 22:38:29] [181/320] Импорт: Jordan Air Jordan 3 Retro White Flip (ID: 706765)
[2025-11-09 22:38:29] Батч-вставка размеров: 16 шт для product_id=540
[2025-11-09 22:38:29] Импортировано изображений вариантов: 80 для product_id=540
[2025-11-09 22:38:29]      Успешно импортирован
[2025-11-09 22:38:29] [182/320] Импорт: Jordan Air Jordan 5 retro michigan pe (ID: 706766)
[2025-11-09 22:38:29] Батч-вставка размеров: 11 шт для product_id=541
[2025-11-09 22:38:29] Импортировано изображений вариантов: 55 для product_id=541
[2025-11-09 22:38:29]      Успешно импортирован
[2025-11-09 22:38:29] [183/320] Импорт: Jordan Air Jordan 6 Retro Purple Dynasty (ID: 706767)
[2025-11-09 22:38:29] Батч-вставка размеров: 9 шт для product_id=542
[2025-11-09 22:38:29] Импортировано изображений вариантов: 45 для product_id=542
[2025-11-09 22:38:29]      Успешно импортирован
[2025-11-09 22:38:29] [184/320] Импорт: Jordan Air Jordan 5 Retro Black Grape 2013 (ID: 706768)
[2025-11-09 22:38:29] Батч-вставка размеров: 15 шт для product_id=543
[2025-11-09 22:38:29] Импортировано изображений вариантов: 60 для product_id=543
[2025-11-09 22:38:29]      Успешно импортирован
[2025-11-09 22:38:29] [185/320] Импорт: Jordan Air Jordan 4 Retro Voltage Cherry (ID: 706769)
[2025-11-09 22:38:29] Батч-вставка размеров: 8 шт для product_id=544
[2025-11-09 22:38:29] Импортировано изображений вариантов: 40 для product_id=544
[2025-11-09 22:38:29]      Успешно импортирован
[2025-11-09 22:38:29] [186/320] Импорт: Jordan Air Jordan 7 Retro Bordeaux (2011) (ID: 706770)
[2025-11-09 22:38:29] Батч-вставка размеров: 17 шт для product_id=545
[2025-11-09 22:38:29] Импортировано изображений вариантов: 85 для product_id=545
[2025-11-09 22:38:29]      Успешно импортирован
[2025-11-09 22:38:29] [187/320] Импорт: Jordan Air Jordan 7 Retro Nothing But Net (ID: 706771)
[2025-11-09 22:38:29] Батч-вставка размеров: 16 шт для product_id=546
[2025-11-09 22:38:29] Импортировано изображений вариантов: 80 для product_id=546
[2025-11-09 22:38:29]      Успешно импортирован
[2025-11-09 22:38:29] [188/320] Импорт: Jordan Air Jordan 7 Retro Chambray (ID: 706777)
[2025-11-09 22:38:29] Батч-вставка размеров: 19 шт для product_id=547
[2025-11-09 22:38:29] Импортировано изображений вариантов: 95 для product_id=547
[2025-11-09 22:38:29]      Успешно импортирован
[2025-11-09 22:38:29] [189/320] Импорт: Jordan Air Jordan 7 Retro Golden Moments Pack (ID: 706778)
[2025-11-09 22:38:29] Батч-вставка размеров: 19 шт для product_id=548
[2025-11-09 22:38:29] Импортировано изображений вариантов: 95 для product_id=548
[2025-11-09 22:38:29]      Успешно импортирован
[2025-11-09 22:38:29] [190/320] Импорт: Jordan Air Jordan 9 Retro White Black Red (ID: 706779)
[2025-11-09 22:38:29] Батч-вставка размеров: 14 шт для product_id=549
[2025-11-09 22:38:29] Импортировано изображений вариантов: 56 для product_id=549
[2025-11-09 22:38:29]      Успешно импортирован
[2025-11-09 22:38:29] [191/320] Импорт: Jordan Air Jordan 8 Retro Aqua OG 2015 (ID: 706780)
[2025-11-09 22:38:29] Батч-вставка размеров: 19 шт для product_id=550
[2025-11-09 22:38:29] Импортировано изображений вариантов: 95 для product_id=550
[2025-11-09 22:38:29]      Успешно импортирован
[2025-11-09 22:38:29] [192/320] Импорт: Jordan Air Jordan 10 Retro Charlotte 2016 (ID: 706781)
[2025-11-09 22:38:29] Батч-вставка размеров: 14 шт для product_id=551
[2025-11-09 22:38:29] Импортировано изображений вариантов: 70 для product_id=551
[2025-11-09 22:38:29]      Успешно импортирован
[2025-11-09 22:38:29] [193/320] Импорт: Jordan Air Jordan 10 Retro Shanghai (ID: 706782)
[2025-11-09 22:38:29] Батч-вставка размеров: 15 шт для product_id=552
[2025-11-09 22:38:29] Импортировано изображений вариантов: 75 для product_id=552
[2025-11-09 22:38:29]      Успешно импортирован
[2025-11-09 22:38:29] [194/320] Импорт: Jordan Air Jordan 10 Retro Ice Blue (ID: 706783)
[2025-11-09 22:38:29] Батч-вставка размеров: 13 шт для product_id=553
[2025-11-09 22:38:29] Импортировано изображений вариантов: 65 для product_id=553
[2025-11-09 22:38:29]      Успешно импортирован
[2025-11-09 22:38:29] [195/320] Импорт: Jordan Air Jordan 7 Retro French Blue (2002) (ID: 706785)
[2025-11-09 22:38:29] Батч-вставка размеров: 19 шт для product_id=554
[2025-11-09 22:38:29] Импортировано изображений вариантов: 95 для product_id=554
[2025-11-09 22:38:29]      Успешно импортирован
[2025-11-09 22:38:29] [196/320] Импорт: Jordan Air Jordan 5 Retro White Cement (ID: 706795)
[2025-11-09 22:38:29] Батч-вставка размеров: 16 шт для product_id=555
[2025-11-09 22:38:29] Импортировано изображений вариантов: 80 для product_id=555
[2025-11-09 22:38:29]      Успешно импортирован
[2025-11-09 22:38:29] [197/320] Импорт: Jordan Air Jordan 4 (ID: 706796)
[2025-11-09 22:38:29] Батч-вставка размеров: 11 шт для product_id=556
[2025-11-09 22:38:29] Импортировано изображений вариантов: 55 для product_id=556
[2025-11-09 22:38:29]      Успешно импортирован
[2025-11-09 22:38:29] [198/320] Импорт: Jordan Future Concord (ID: 706813)
[2025-11-09 22:38:29] Батч-вставка размеров: 15 шт для product_id=557
[2025-11-09 22:38:29] Импортировано изображений вариантов: 75 для product_id=557
[2025-11-09 22:38:29]      Успешно импортирован
[2025-11-09 22:38:29] [199/320] Импорт: Jordan FLTCLB '91 (ID: 706823)
[2025-11-09 22:38:29] Батч-вставка размеров: 15 шт для product_id=558
[2025-11-09 22:38:29] Импортировано изображений вариантов: 75 для product_id=558
[2025-11-09 22:38:29]      Успешно импортирован
[2025-11-09 22:38:29] [200/320] Импорт: Jordan Air Jordan 1 Retro High (ID: 706837)
[2025-11-09 22:38:29] Батч-вставка размеров: 11 шт для product_id=559
[2025-11-09 22:38:29] Импортировано изображений вариантов: 55 для product_id=559
[2025-11-09 22:38:29]      Успешно импортирован
[2025-11-09 22:38:29] [201/320] Импорт: Jordan Air Jordan 1 HIGH BG (ID: 706842)
[2025-11-09 22:38:29] Батч-вставка размеров: 8 шт для product_id=560
[2025-11-09 22:38:29] Импортировано изображений вариантов: 40 для product_id=560
[2025-11-09 22:38:29]      Успешно импортирован
[2025-11-09 22:38:29] [202/320] Импорт: Jordan Air Jordan 1 Retro High (ID: 706861)
[2025-11-09 22:38:29] Батч-вставка размеров: 9 шт для product_id=561
[2025-11-09 22:38:29] Импортировано изображений вариантов: 45 для product_id=561
[2025-11-09 22:38:29]      Успешно импортирован
[2025-11-09 22:38:29] [203/320] Импорт: Jordan Air Jordan 4 Retro Motorsports Alternate (ID: 706872)
[2025-11-09 22:38:29] Батч-вставка размеров: 10 шт для product_id=562
[2025-11-09 22:38:30] Импортировано изображений вариантов: 50 для product_id=562
[2025-11-09 22:38:30]      Успешно импортирован
[2025-11-09 22:38:30] [204/320] Импорт: Jordan Air Jordan 6 Retro Olympic Flag Beijing (ID: 706873)
[2025-11-09 22:38:30] Батч-вставка размеров: 19 шт для product_id=563
[2025-11-09 22:38:30] Импортировано изображений вариантов: 76 для product_id=563
[2025-11-09 22:38:30]      Успешно импортирован
[2025-11-09 22:38:30] [205/320] Импорт: Jordan Air Jordan 6 Retro Infrared White 2010 (ID: 706874)
[2025-11-09 22:38:30] Батч-вставка размеров: 19 шт для product_id=564
[2025-11-09 22:38:30] Импортировано изображений вариантов: 76 для product_id=564
[2025-11-09 22:38:30]      Успешно импортирован
[2025-11-09 22:38:30] [206/320] Импорт: Jordan Air Jordan 6 Retro Midnight Navy (ID: 706987)
[2025-11-09 22:38:30] Батч-вставка размеров: 19 шт для product_id=565
[2025-11-09 22:38:30] Импортировано изображений вариантов: 95 для product_id=565
[2025-11-09 22:38:30]      Успешно импортирован
[2025-11-09 22:38:30] [207/320] Импорт: Jordan Air Jordan 4 Retro Cal / Marquette PE (ID: 706994)
[2025-11-09 22:38:30] Батч-вставка размеров: 11 шт для product_id=566
[2025-11-09 22:38:30] Импортировано изображений вариантов: 55 для product_id=566
[2025-11-09 22:38:30]      Успешно импортирован
[2025-11-09 22:38:30] [208/320] Импорт: Jordan Air Jordan 4 Retro 30th Anniversary Pearl (ID: 706995)
[2025-11-09 22:38:30] Батч-вставка размеров: 13 шт для product_id=567
[2025-11-09 22:38:30] Импортировано изображений вариантов: 52 для product_id=567
[2025-11-09 22:38:30]      Успешно импортирован
[2025-11-09 22:38:30] [209/320] Импорт: Jordan Air Jordan 4 Retro Pure Money 2017 (ID: 706996)
[2025-11-09 22:38:30] Батч-вставка размеров: 9 шт для product_id=568
[2025-11-09 22:38:30] Импортировано изображений вариантов: 45 для product_id=568
[2025-11-09 22:38:30]      Успешно импортирован
[2025-11-09 22:38:30] [210/320] Импорт: Jordan Air Jordan 4 Retro Black Cats 2006 (ID: 706997)
[2025-11-09 22:38:30] Батч-вставка размеров: 11 шт для product_id=569
[2025-11-09 22:38:30] Импортировано изображений вариантов: 66 для product_id=569
[2025-11-09 22:38:30]      Успешно импортирован
[2025-11-09 22:38:30] [211/320] Импорт: Jordan Air Jordan 5 Retro Black Pink (ID: 706998)
[2025-11-09 22:38:30] Батч-вставка размеров: 8 шт для product_id=570
[2025-11-09 22:38:30] Импортировано изображений вариантов: 40 для product_id=570
[2025-11-09 22:38:30]      Успешно импортирован
[2025-11-09 22:38:30] [212/320] Импорт: Jordan Air Jordan 6 Retro Black Varsity Red 2010 (ID: 706999)
[2025-11-09 22:38:30] Батч-вставка размеров: 16 шт для product_id=571
[2025-11-09 22:38:30] Импортировано изображений вариантов: 80 для product_id=571
[2025-11-09 22:38:30]      Успешно импортирован
[2025-11-09 22:38:30] [213/320] Импорт: Jordan Air Jordan 5 Retro Independence Day OG (ID: 707001)
[2025-11-09 22:38:30] Батч-вставка размеров: 19 шт для product_id=572
[2025-11-09 22:38:30] Импортировано изображений вариантов: 95 для product_id=572
[2025-11-09 22:38:30]      Успешно импортирован
[2025-11-09 22:38:30] [214/320] Импорт: Jordan Max Aura 1 (ID: 707124)
[2025-11-09 22:38:30] Батч-вставка размеров: 14 шт для product_id=573
[2025-11-09 22:38:30] Импортировано изображений вариантов: 70 для product_id=573
[2025-11-09 22:38:30]      Успешно импортирован
[2025-11-09 22:38:30] [215/320] Импорт: Sneaker Politics x Jordan Air Jordan 1 Low Block Party (ID: 707233)
[2025-11-09 22:38:30] Батч-вставка размеров: 13 шт для product_id=574
[2025-11-09 22:38:30] Импортировано изображений вариантов: 65 для product_id=574
[2025-11-09 22:38:30]      Успешно импортирован
[2025-11-09 22:38:30] [216/320] Импорт: Jordan Air Jordan 4 retro ginger wheat (ID: 707288)
[2025-11-09 22:38:30] Батч-вставка размеров: 19 шт для product_id=575
[2025-11-09 22:38:30] Импортировано изображений вариантов: 114 для product_id=575
[2025-11-09 22:38:30]      Успешно импортирован
[2025-11-09 22:38:30] [217/320] Импорт: Jordan Air Jordan 6 Retro Doernbecher (ID: 707289)
[2025-11-09 22:38:30] Батч-вставка размеров: 11 шт для product_id=576
[2025-11-09 22:38:30] Импортировано изображений вариантов: 55 для product_id=576
[2025-11-09 22:38:30]      Успешно импортирован
[2025-11-09 22:38:30] [218/320] Импорт: Jordan Air Jordan 22 OG Melo PE (ID: 708078)
[2025-11-09 22:38:30] Батч-вставка размеров: 14 шт для product_id=577
[2025-11-09 22:38:30] Импортировано изображений вариантов: 70 для product_id=577
[2025-11-09 22:38:30]      Успешно импортирован
[2025-11-09 22:38:30] [219/320] Импорт: Jordan Nu Retro 1 Low "Chicago" (ID: 708595)
[2025-11-09 22:38:30] Батч-вставка размеров: 19 шт для product_id=578
[2025-11-09 22:38:30] Импортировано изображений вариантов: 114 для product_id=578
[2025-11-09 22:38:30]      Успешно импортирован
[2025-11-09 22:38:30] [220/320] Импорт: Jordan Air Jordan 1 Retro High Season Of Her Sun Blush (ID: 708643)
[2025-11-09 22:38:30] Батч-вставка размеров: 15 шт для product_id=579
[2025-11-09 22:38:30] Импортировано изображений вариантов: 90 для product_id=579
[2025-11-09 22:38:30]      Успешно импортирован
[2025-11-09 22:38:30] [221/320] Импорт: Jordan Air Jordan 1 FlyEase "Cool Grey" (ID: 708897)
[2025-11-09 22:38:30] Батч-вставка размеров: 21 шт для product_id=580
[2025-11-09 22:38:30] Импортировано изображений вариантов: 126 для product_id=580
[2025-11-09 22:38:30]      Успешно импортирован
[2025-11-09 22:38:30] [222/320] Импорт: Jordan Son of Mars Fire Red (ID: 708928)
[2025-11-09 22:38:30] Батч-вставка размеров: 15 шт для product_id=581
[2025-11-09 22:38:30] Импортировано изображений вариантов: 75 для product_id=581
[2025-11-09 22:38:30]      Успешно импортирован
[2025-11-09 22:38:30] [223/320] Импорт: Jordan Air Jordan 1 Low SE“Polaroid” (ID: 708968)
[2025-11-09 22:38:30] Батч-вставка размеров: 15 шт для product_id=582
[2025-11-09 22:38:30] Импортировано изображений вариантов: 90 для product_id=582
[2025-11-09 22:38:30]      Успешно импортирован
[2025-11-09 22:38:30] [224/320] Импорт: Jordan Air Jordan 1 MID (ID: 708969)
[2025-11-09 22:38:30] Батч-вставка размеров: 26 шт для product_id=583
[2025-11-09 22:38:30] Импортировано изображений вариантов: 104 для product_id=583
[2025-11-09 22:38:30]      Успешно импортирован
[2025-11-09 22:38:30] [225/320] Импорт: Jordan Spizike LOW “Neutral Olive” (ID: 708976)
[2025-11-09 22:38:30] Батч-вставка размеров: 19 шт для product_id=584
[2025-11-09 22:38:30] Импортировано изображений вариантов: 114 для product_id=584
[2025-11-09 22:38:30]      Успешно импортирован
[2025-11-09 22:38:30] [226/320] Импорт: Jordan Spizike Black Varsity Red 2017 (ID: 708998)
[2025-11-09 22:38:30] Батч-вставка размеров: 19 шт для product_id=585
[2025-11-09 22:38:30] Импортировано изображений вариантов: 95 для product_id=585
[2025-11-09 22:38:30]      Успешно импортирован
[2025-11-09 22:38:30] [227/320] Импорт: Jordan Max Aura 5 (ID: 709042)
[2025-11-09 22:38:30] Батч-вставка размеров: 16 шт для product_id=586
[2025-11-09 22:38:30] Импортировано изображений вариантов: 80 для product_id=586
[2025-11-09 22:38:30]      Успешно импортирован
[2025-11-09 22:38:30] [228/320] Импорт: Jordan Air Jordan 6 Low "PSG" (ID: 709052)
[2025-11-09 22:38:30] Батч-вставка размеров: 18 шт для product_id=587
[2025-11-09 22:38:30] Импортировано изображений вариантов: 108 для product_id=587
[2025-11-09 22:38:30]      Успешно импортирован
[2025-11-09 22:38:30] [229/320] Импорт: Jordan Air Jordan 1 (ID: 709068)
[2025-11-09 22:38:30] Батч-вставка размеров: 15 шт для product_id=588
[2025-11-09 22:38:30] Импортировано изображений вариантов: 75 для product_id=588
[2025-11-09 22:38:30]      Успешно импортирован
[2025-11-09 22:38:30] [230/320] Импорт: Jordan Air Jordan 1 Retro HOF (ID: 710040)
[2025-11-09 22:38:30] Батч-вставка размеров: 20 шт для product_id=589
[2025-11-09 22:38:30] Импортировано изображений вариантов: 100 для product_id=589
[2025-11-09 22:38:30]      Успешно импортирован
[2025-11-09 22:38:30] [231/320] Импорт: Jordan Air Jordan 1.5 Retro Chicago 2015 (ID: 710044)
[2025-11-09 22:38:30] Батч-вставка размеров: 8 шт для product_id=590
[2025-11-09 22:38:30] Импортировано изображений вариантов: 40 для product_id=590
[2025-11-09 22:38:30]      Успешно импортирован
[2025-11-09 22:38:30] [232/320] Импорт: Jordan Air Jordan 1 Retro KO Georgetown (ID: 710045)
[2025-11-09 22:38:30] Батч-вставка размеров: 21 шт для product_id=591
[2025-11-09 22:38:30] Импортировано изображений вариантов: 105 для product_id=591
[2025-11-09 22:38:30]      Успешно импортирован
[2025-11-09 22:38:30] [233/320] Импорт: Jordan Air Jordan 1 Retro Low Hare Jordan 2015 (ID: 710046)
[2025-11-09 22:38:30] Батч-вставка размеров: 11 шт для product_id=592
[2025-11-09 22:38:30] Импортировано изображений вариантов: 66 для product_id=592
[2025-11-09 22:38:30]      Успешно импортирован
[2025-11-09 22:38:30] [234/320] Импорт: Jordan Air Jordan 2 Retro Decon Sail (ID: 710082)
[2025-11-09 22:38:30] Батч-вставка размеров: 19 шт для product_id=593
[2025-11-09 22:38:30] Импортировано изображений вариантов: 95 для product_id=593
[2025-11-09 22:38:30]      Успешно импортирован
[2025-11-09 22:38:30] [235/320] Импорт: Jordan Air Jordan 13 OG Playoffs 1997 (ID: 710083)
[2025-11-09 22:38:30] Батч-вставка размеров: 11 шт для product_id=594
[2025-11-09 22:38:30] Импортировано изображений вариантов: 55 для product_id=594
[2025-11-09 22:38:30]      Успешно импортирован
[2025-11-09 22:38:30] [236/320] Импорт: Jordan Dub Zero White Black Varsity Red (ID: 710098)
[2025-11-09 22:38:30] Батч-вставка размеров: 11 шт для product_id=595
[2025-11-09 22:38:30] Импортировано изображений вариантов: 44 для product_id=595
[2025-11-09 22:38:30]      Успешно импортирован
[2025-11-09 22:38:30] [237/320] Импорт: Jordan Air Jordan 18 OG Black Sport Royal (ID: 710100)
[2025-11-09 22:38:30] Батч-вставка размеров: 12 шт для product_id=596
[2025-11-09 22:38:30] Импортировано изображений вариантов: 60 для product_id=596
[2025-11-09 22:38:30]      Успешно импортирован
[2025-11-09 22:38:30] [238/320] Импорт: Jordan Air Jordan 1 (ID: 711911)
[2025-11-09 22:38:31] Батч-вставка размеров: 26 шт для product_id=597
[2025-11-09 22:38:31] Импортировано изображений вариантов: 130 для product_id=597
[2025-11-09 22:38:31]      Успешно импортирован
[2025-11-09 22:38:31] [239/320] Импорт: Jordan Air Jordan 1 Low (ID: 711916)
[2025-11-09 22:38:31] Батч-вставка размеров: 22 шт для product_id=598
[2025-11-09 22:38:31] Импортировано изображений вариантов: 132 для product_id=598
[2025-11-09 22:38:31]      Успешно импортирован
[2025-11-09 22:38:31] [240/320] Импорт: Trophy Room x Jordan Air Jordan 1 High Retro OG Freeze Out (ID: 711924)
[2025-11-09 22:38:31] Батч-вставка размеров: 18 шт для product_id=599
[2025-11-09 22:38:31] Импортировано изображений вариантов: 108 для product_id=599
[2025-11-09 22:38:31]      Успешно импортирован
[2025-11-09 22:38:31] [241/320] Импорт: Jordan Air Jordan 11 CMFT LOW (ID: 712579)
[2025-11-09 22:38:31] Батч-вставка размеров: 25 шт для product_id=600
[2025-11-09 22:38:31] Импортировано изображений вариантов: 100 для product_id=600
[2025-11-09 22:38:31]      Успешно импортирован
[2025-11-09 22:38:31] [242/320] Импорт: Jordan Legacy 312 low (ID: 714633)
[2025-11-09 22:38:31] Батч-вставка размеров: 21 шт для product_id=601
[2025-11-09 22:38:31] Импортировано изображений вариантов: 126 для product_id=601
[2025-11-09 22:38:31]      Успешно импортирован
[2025-11-09 22:38:31] [243/320] Импорт: Jordan Air Jordan 1 Retro High Black Snake (ID: 714634)
[2025-11-09 22:38:31] Батч-вставка размеров: 21 шт для product_id=602
[2025-11-09 22:38:31] Импортировано изображений вариантов: 105 для product_id=602
[2025-11-09 22:38:31]      Успешно импортирован
[2025-11-09 22:38:31] [244/320] Импорт: Jordan Air Jordan 1 high '85 "varsity red" (ID: 714636)
[2025-11-09 22:38:31] Батч-вставка размеров: 24 шт для product_id=603
[2025-11-09 22:38:31] Импортировано изображений вариантов: 144 для product_id=603
[2025-11-09 22:38:31]      Успешно импортирован
[2025-11-09 22:38:31] [245/320] Импорт: Jordan Air Jordan 1 flyease "turf orange" (ID: 714670)
[2025-11-09 22:38:31] Батч-вставка размеров: 20 шт для product_id=604
[2025-11-09 22:38:31] Импортировано изображений вариантов: 120 для product_id=604
[2025-11-09 22:38:31]      Успешно импортирован
[2025-11-09 22:38:31] [246/320] Импорт: Jordan FLTCLB '91 (ID: 749797)
[2025-11-09 22:38:31] Батч-вставка размеров: 8 шт для product_id=605
[2025-11-09 22:38:31] Импортировано изображений вариантов: 40 для product_id=605
[2025-11-09 22:38:31]      Успешно импортирован
[2025-11-09 22:38:31] [247/320] Импорт: Jordan Air Cadence (ID: 750747)
[2025-11-09 22:38:31] Батч-вставка размеров: 14 шт для product_id=606
[2025-11-09 22:38:31] Импортировано изображений вариантов: 70 для product_id=606
[2025-11-09 22:38:31]      Успешно импортирован
[2025-11-09 22:38:31] [248/320] Импорт: Jordan Air Jordan 1 Mid "Denim" (ID: 750776)
[2025-11-09 22:38:31] Батч-вставка размеров: 19 шт для product_id=607
[2025-11-09 22:38:31] Импортировано изображений вариантов: 114 для product_id=607
[2025-11-09 22:38:31]      Успешно импортирован
[2025-11-09 22:38:31] [249/320] Импорт: Jordan Air Jordan 1 (ID: 750783)
[2025-11-09 22:38:31] Батч-вставка размеров: 19 шт для product_id=608
[2025-11-09 22:38:31] Импортировано изображений вариантов: 114 для product_id=608
[2025-11-09 22:38:31]      Успешно импортирован
[2025-11-09 22:38:31] [250/320] Импорт: Jordan Future Air Low (ID: 750877)
[2025-11-09 22:38:31] Батч-вставка размеров: 8 шт для product_id=609
[2025-11-09 22:38:31] Импортировано изображений вариантов: 40 для product_id=609
[2025-11-09 22:38:31]      Успешно импортирован
[2025-11-09 22:38:31] [251/320] Импорт: Jordan Max Aura 5 (ID: 750983)
[2025-11-09 22:38:31] Батч-вставка размеров: 20 шт для product_id=610
[2025-11-09 22:38:31] Импортировано изображений вариантов: 120 для product_id=610
[2025-11-09 22:38:31]      Успешно импортирован
[2025-11-09 22:38:31] [252/320] Импорт: Jordan Pro Strong (ID: 751452)
[2025-11-09 22:38:31] Батч-вставка размеров: 15 шт для product_id=611
[2025-11-09 22:38:31] Импортировано изображений вариантов: 75 для product_id=611
[2025-11-09 22:38:31]      Успешно импортирован
[2025-11-09 22:38:31] [253/320] Импорт: Jordan Future Quai54 (ID: 751941)
[2025-11-09 22:38:31] Батч-вставка размеров: 19 шт для product_id=612
[2025-11-09 22:38:31] Импортировано изображений вариантов: 114 для product_id=612
[2025-11-09 22:38:31]      Успешно импортирован
[2025-11-09 22:38:31] [254/320] Импорт: Jordan Future (ID: 751944)
[2025-11-09 22:38:31] Батч-вставка размеров: 9 шт для product_id=613
[2025-11-09 22:38:31] Импортировано изображений вариантов: 36 для product_id=613
[2025-11-09 22:38:31]      Успешно импортирован
[2025-11-09 22:38:31] [255/320] Импорт: Jordan Air Jordan 1 Rebel XX (ID: 751973)
[2025-11-09 22:38:31] Батч-вставка размеров: 13 шт для product_id=614
[2025-11-09 22:38:31] Импортировано изображений вариантов: 65 для product_id=614
[2025-11-09 22:38:31]      Успешно импортирован
[2025-11-09 22:38:31] [256/320] Импорт: Jordan Fly (ID: 752006)
[2025-11-09 22:38:31] Батч-вставка размеров: 12 шт для product_id=615
[2025-11-09 22:38:31] Импортировано изображений вариантов: 48 для product_id=615
[2025-11-09 22:38:31]      Успешно импортирован
[2025-11-09 22:38:31] [257/320] Импорт: Jordan Flight SC-3 (ID: 752604)
[2025-11-09 22:38:31] Батч-вставка размеров: 15 шт для product_id=616
[2025-11-09 22:38:31] Импортировано изображений вариантов: 75 для product_id=616
[2025-11-09 22:38:31]      Успешно импортирован
[2025-11-09 22:38:31] [258/320] Импорт: Jordan Series ES (ID: 752625)
[2025-11-09 22:38:31] Батч-вставка размеров: 18 шт для product_id=617
[2025-11-09 22:38:31] Импортировано изображений вариантов: 90 для product_id=617
[2025-11-09 22:38:31]      Успешно импортирован
[2025-11-09 22:38:31] [259/320] Импорт: Jordan Air Jordan 11 SE (ID: 752967)
[2025-11-09 22:38:31] Батч-вставка размеров: 15 шт для product_id=618
[2025-11-09 22:38:31] Импортировано изображений вариантов: 15 для product_id=618
[2025-11-09 22:38:31]      Успешно импортирован
[2025-11-09 22:38:31] [260/320] Импорт: Jordan B'Loyal (ID: 753093)
[2025-11-09 22:38:31] Батч-вставка размеров: 13 шт для product_id=619
[2025-11-09 22:38:31] Импортировано изображений вариантов: 65 для product_id=619
[2025-11-09 22:38:31]      Успешно импортирован
[2025-11-09 22:38:31] [261/320] Импорт: Jordan 2x3 (ID: 753203)
[2025-11-09 22:38:31] Батч-вставка размеров: 14 шт для product_id=620
[2025-11-09 22:38:31] Импортировано изображений вариантов: 70 для product_id=620
[2025-11-09 22:38:31]      Успешно импортирован
[2025-11-09 22:38:31] [262/320] Импорт: Travis Scott x Jordan Air Jordan 6 (ID: 753206)
[2025-11-09 22:38:31] Батч-вставка размеров: 17 шт для product_id=621
[2025-11-09 22:38:31] Импортировано изображений вариантов: 85 для product_id=621
[2025-11-09 22:38:31]      Успешно импортирован
[2025-11-09 22:38:31] [263/320] Импорт: Jordan Dub Zero Legend Blue (ID: 753244)
[2025-11-09 22:38:31] Батч-вставка размеров: 13 шт для product_id=622
[2025-11-09 22:38:31] Импортировано изображений вариантов: 78 для product_id=622
[2025-11-09 22:38:31]      Успешно импортирован
[2025-11-09 22:38:31] [264/320] Импорт: Jordan Alpha 360 TR Alpha 360 TR "UNC" TPU (ID: 753687)
[2025-11-09 22:38:31] Батч-вставка размеров: 12 шт для product_id=623
[2025-11-09 22:38:31] Импортировано изображений вариантов: 72 для product_id=623
[2025-11-09 22:38:31]      Успешно импортирован
[2025-11-09 22:38:31] [265/320] Импорт: Jordan One Take 2 pf 2 (ID: 753721)
[2025-11-09 22:38:32] Батч-вставка размеров: 12 шт для product_id=624
[2025-11-09 22:38:32] Импортировано изображений вариантов: 72 для product_id=624
[2025-11-09 22:38:32]      Успешно импортирован
[2025-11-09 22:38:32] [266/320] Импорт: Jordan Air Jordan 21 OG (ID: 753883)
[2025-11-09 22:38:32] Батч-вставка размеров: 12 шт для product_id=625
[2025-11-09 22:38:32] Импортировано изображений вариантов: 60 для product_id=625
[2025-11-09 22:38:32]      Успешно импортирован
[2025-11-09 22:38:32] [267/320] Импорт: Jordan Stay Loyal 2 (ID: 753925)
[2025-11-09 22:38:32] Батч-вставка размеров: 15 шт для product_id=626
[2025-11-09 22:38:32] Импортировано изображений вариантов: 90 для product_id=626
[2025-11-09 22:38:32]      Успешно импортирован
[2025-11-09 22:38:32] [268/320] Импорт: Jordan Air Jordan 1 Low (ID: 754018)
[2025-11-09 22:38:32] Батч-вставка размеров: 19 шт для product_id=627
[2025-11-09 22:38:32] Импортировано изображений вариантов: 95 для product_id=627
[2025-11-09 22:38:32]      Успешно импортирован
[2025-11-09 22:38:32] [269/320] Импорт: Jordan Max Aura 1 Rivals (ID: 754143)
[2025-11-09 22:38:32] Батч-вставка размеров: 13 шт для product_id=628
[2025-11-09 22:38:32] Импортировано изображений вариантов: 78 для product_id=628
[2025-11-09 22:38:32]      Успешно импортирован
[2025-11-09 22:38:32] [270/320] Импорт: Jordan Air Jordan 17 Low (ID: 754658)
[2025-11-09 22:38:32] Батч-вставка размеров: 22 шт для product_id=629
[2025-11-09 22:38:32] Импортировано изображений вариантов: 110 для product_id=629
[2025-11-09 22:38:32]      Успешно импортирован
[2025-11-09 22:38:32] [271/320] Импорт: Jordan Air Jordan 1 Zoom CMFT 2 (ID: 754693)
[2025-11-09 22:38:32] Батч-вставка размеров: 20 шт для product_id=630
[2025-11-09 22:38:32] Импортировано изображений вариантов: 120 для product_id=630
[2025-11-09 22:38:32]      Успешно импортирован
[2025-11-09 22:38:32] [272/320] Импорт: Jordan Air Jordan 1 Mid (ID: 754910)
[2025-11-09 22:38:32] Батч-вставка размеров: 13 шт для product_id=631
[2025-11-09 22:38:32] Импортировано изображений вариантов: 78 для product_id=631
[2025-11-09 22:38:32]      Успешно импортирован
[2025-11-09 22:38:32] [273/320] Импорт: Jordan Air Jordan 1 retro low ns "bordeaux" PU (ID: 754950)
[2025-11-09 22:38:32] Батч-вставка размеров: 15 шт для product_id=632
[2025-11-09 22:38:32] Импортировано изображений вариантов: 90 для product_id=632
[2025-11-09 22:38:32]      Успешно импортирован
[2025-11-09 22:38:32] [274/320] Импорт: Jordan Spizike Black University Gold (ID: 754996)
[2025-11-09 22:38:32] Батч-вставка размеров: 12 шт для product_id=633
[2025-11-09 22:38:32] Импортировано изображений вариантов: 72 для product_id=633
[2025-11-09 22:38:32]      Успешно импортирован
[2025-11-09 22:38:32] [275/320] Импорт: Jordan Flight Club 91 Lakers (ID: 755020)
[2025-11-09 22:38:32] Батч-вставка размеров: 13 шт для product_id=634
[2025-11-09 22:38:32] Импортировано изображений вариантов: 78 для product_id=634
[2025-11-09 22:38:32]      Успешно импортирован
[2025-11-09 22:38:32] [276/320] Импорт: Jordan Delta 2 SE (ID: 755178)
[2025-11-09 22:38:32] Батч-вставка размеров: 16 шт для product_id=635
[2025-11-09 22:38:32] Импортировано изображений вариантов: 80 для product_id=635
[2025-11-09 22:38:32]      Успешно импортирован
[2025-11-09 22:38:32] [277/320] Импорт: Jordan Air Jordan 1 Retro High Premium (ID: 755187)
[2025-11-09 22:38:32] Батч-вставка размеров: 15 шт для product_id=636
[2025-11-09 22:38:32] Импортировано изображений вариантов: 75 для product_id=636
[2025-11-09 22:38:32]      Успешно импортирован
[2025-11-09 22:38:32] [278/320] Импорт: Jordan MA2 (ID: 755225)
[2025-11-09 22:38:32] Батч-вставка размеров: 15 шт для product_id=637
[2025-11-09 22:38:32] Импортировано изображений вариантов: 90 для product_id=637
[2025-11-09 22:38:32]      Успешно импортирован
[2025-11-09 22:38:32] [279/320] Импорт: Jordan Air Jordan 1 2015 (ID: 755396)
[2025-11-09 22:38:32] Батч-вставка размеров: 19 шт для product_id=638
[2025-11-09 22:38:32] Импортировано изображений вариантов: 95 для product_id=638
[2025-11-09 22:38:32]      Успешно импортирован
[2025-11-09 22:38:32] [280/320] Импорт: Jayson Tatum x Jordan Nu Retro 1 Low "U City" (ID: 755682)
[2025-11-09 22:38:32] Батч-вставка размеров: 19 шт для product_id=639
[2025-11-09 22:38:32] Импортировано изображений вариантов: 114 для product_id=639
[2025-11-09 22:38:32]      Успешно импортирован
[2025-11-09 22:38:32] [281/320] Импорт: Jordan Air Jordan 1 High (ID: 755932)
[2025-11-09 22:38:32] Батч-вставка размеров: 8 шт для product_id=640
[2025-11-09 22:38:32] Импортировано изображений вариантов: 32 для product_id=640
[2025-11-09 22:38:32]      Успешно импортирован
[2025-11-09 22:38:32] [282/320] Импорт: Jordan Air Jordan 7 Retro Raptors PU 2002 (ID: 756110)
[2025-11-09 22:38:32] Батч-вставка размеров: 18 шт для product_id=641
[2025-11-09 22:38:32] Импортировано изображений вариантов: 90 для product_id=641
[2025-11-09 22:38:32]      Успешно импортирован
[2025-11-09 22:38:32] [283/320] Импорт: Jordan Max Aura 3 (ID: 756638)
[2025-11-09 22:38:32] Батч-вставка размеров: 13 шт для product_id=642
[2025-11-09 22:38:32] Импортировано изображений вариантов: 78 для product_id=642
[2025-11-09 22:38:32]      Успешно импортирован
[2025-11-09 22:38:32] [284/320] Импорт: Jordan VIII X (ID: 756999)
[2025-11-09 22:38:32] Батч-вставка размеров: 12 шт для product_id=643
[2025-11-09 22:38:32] Импортировано изображений вариантов: 72 для product_id=643
[2025-11-09 22:38:32]      Успешно импортирован
[2025-11-09 22:38:32] [285/320] Импорт: Jordan Air Jordan 1 Mid "Bel Air" (ID: 757937)
[2025-11-09 22:38:32] Батч-вставка размеров: 13 шт для product_id=644
[2025-11-09 22:38:32] Импортировано изображений вариантов: 65 для product_id=644
[2025-11-09 22:38:32]      Успешно импортирован
[2025-11-09 22:38:32] [286/320] Импорт: Jordan Air Jordan 1 Mid (ID: 758706)
[2025-11-09 22:38:32] Батч-вставка размеров: 17 шт для product_id=645
[2025-11-09 22:38:32] Импортировано изображений вариантов: 85 для product_id=645
[2025-11-09 22:38:32]      Успешно импортирован
[2025-11-09 22:38:32] [287/320] Импорт: Jordan Air Jordan 1 Retro Mid 'Dark Powder Blue' (ID: 758707)
[2025-11-09 22:38:32] Батч-вставка размеров: 2 шт для product_id=646
[2025-11-09 22:38:32] Импортировано изображений вариантов: 4 для product_id=646
[2025-11-09 22:38:32]      Успешно импортирован
[2025-11-09 22:38:32] [288/320] Импорт: Jordan Air Jordan 1 Mid (ID: 758708)
[2025-11-09 22:38:32] Батч-вставка размеров: 19 шт для product_id=647
[2025-11-09 22:38:32] Импортировано изображений вариантов: 57 для product_id=647
[2025-11-09 22:38:32]      Успешно импортирован
[2025-11-09 22:38:32] [289/320] Импорт: Jordan Air Jordan 1 Low (ID: 758737)
[2025-11-09 22:38:32] Батч-вставка размеров: 15 шт для product_id=648
[2025-11-09 22:38:32] Импортировано изображений вариантов: 90 для product_id=648
[2025-11-09 22:38:32]      Успешно импортирован
[2025-11-09 22:38:32] [290/320] Импорт: Jordan Air Jordan 1 (ID: 758738)
[2025-11-09 22:38:32] Батч-вставка размеров: 11 шт для product_id=649
[2025-11-09 22:38:32] Импортировано изображений вариантов: 44 для product_id=649
[2025-11-09 22:38:32]      Успешно импортирован
[2025-11-09 22:38:32] [291/320] Импорт: Jordan Air Jordan 1 "Black White Wolf Grey Infrared 23" (ID: 758739)
[2025-11-09 22:38:32] Батч-вставка размеров: 13 шт для product_id=650
[2025-11-09 22:38:32] Импортировано изображений вариантов: 65 для product_id=650
[2025-11-09 22:38:32]      Успешно импортирован
[2025-11-09 22:38:32] [292/320] Импорт: Jordan Air Jordan 1 Low (ID: 758740)
[2025-11-09 22:38:32] Батч-вставка размеров: 22 шт для product_id=651
[2025-11-09 22:38:32] Импортировано изображений вариантов: 110 для product_id=651
[2025-11-09 22:38:32]      Успешно импортирован
[2025-11-09 22:38:32] [293/320] Импорт: Jordan Air Jordan 1 Retro Low Black Gym (ID: 758742)
[2025-11-09 22:38:32] Батч-вставка размеров: 12 шт для product_id=652
[2025-11-09 22:38:32] Импортировано изображений вариантов: 72 для product_id=652
[2025-11-09 22:38:32]      Успешно импортирован
[2025-11-09 22:38:32] [294/320] Импорт: Jordan Air Jordan 1 (ID: 758743)
[2025-11-09 22:38:33] Батч-вставка размеров: 7 шт для product_id=653
[2025-11-09 22:38:33] Импортировано изображений вариантов: 28 для product_id=653
[2025-11-09 22:38:33]      Успешно импортирован
[2025-11-09 22:38:33] [295/320] Импорт: Jordan Air Jordan 1 low "hyper turquoise" (ID: 758744)
[2025-11-09 22:38:33] Батч-вставка размеров: 12 шт для product_id=654
[2025-11-09 22:38:33] Импортировано изображений вариантов: 60 для product_id=654
[2025-11-09 22:38:33]      Успешно импортирован
[2025-11-09 22:38:33] [296/320] Импорт: Jordan Air Jordan 1 Low (ID: 758745)
[2025-11-09 22:38:33] Батч-вставка размеров: 12 шт для product_id=655
[2025-11-09 22:38:33] Импортировано изображений вариантов: 60 для product_id=655
[2025-11-09 22:38:33]      Успешно импортирован
[2025-11-09 22:38:33] [297/320] Импорт: Jordan Air Jordan 1 Low (ID: 758746)
[2025-11-09 22:38:33] Батч-вставка размеров: 13 шт для product_id=656
[2025-11-09 22:38:33] Импортировано изображений вариантов: 78 для product_id=656
[2025-11-09 22:38:33]      Успешно импортирован
[2025-11-09 22:38:33] [298/320] Импорт: Jordan Air Jordan 1 (ID: 758747)
[2025-11-09 22:38:33] Батч-вставка размеров: 28 шт для product_id=657
[2025-11-09 22:38:33] Импортировано изображений вариантов: 140 для product_id=657
[2025-11-09 22:38:33]      Успешно импортирован
[2025-11-09 22:38:33] [299/320] Импорт: Jordan Air Jordan 1 (ID: 758749)
[2025-11-09 22:38:33] Батч-вставка размеров: 23 шт для product_id=658
[2025-11-09 22:38:33] Импортировано изображений вариантов: 115 для product_id=658
[2025-11-09 22:38:33]      Успешно импортирован
[2025-11-09 22:38:33] [300/320] Импорт: Jordan Air Jordan 1 Barons (ID: 758750)
[2025-11-09 22:38:33] Батч-вставка размеров: 24 шт для product_id=659
[2025-11-09 22:38:33] Импортировано изображений вариантов: 120 для product_id=659
[2025-11-09 22:38:33]      Успешно импортирован
[2025-11-09 22:38:33] [301/320] Импорт: Jordan Air Jordan 1 (ID: 758751)
[2025-11-09 22:38:33] Батч-вставка размеров: 28 шт для product_id=660
[2025-11-09 22:38:33] Импортировано изображений вариантов: 168 для product_id=660
[2025-11-09 22:38:33]      Успешно импортирован
[2025-11-09 22:38:33] [302/320] Импорт: Jordan Air Jordan 1 (ID: 758752)
[2025-11-09 22:38:33] Батч-вставка размеров: 18 шт для product_id=661
[2025-11-09 22:38:33] Импортировано изображений вариантов: 90 для product_id=661
[2025-11-09 22:38:33]      Успешно импортирован
[2025-11-09 22:38:33] [303/320] Импорт: Travis Scott x Jordan Air Jordan 1 (ID: 758775)
[2025-11-09 22:38:33] Батч-вставка размеров: 19 шт для product_id=662
[2025-11-09 22:38:33] Импортировано изображений вариантов: 57 для product_id=662
[2025-11-09 22:38:33]      Успешно импортирован
[2025-11-09 22:38:33] [304/320] Импорт: Jordan MVP "UNC" (ID: 758802)
[2025-11-09 22:38:33] Батч-вставка размеров: 14 шт для product_id=663
[2025-11-09 22:38:33] Импортировано изображений вариантов: 84 для product_id=663
[2025-11-09 22:38:33]      Успешно импортирован
[2025-11-09 22:38:33] [305/320] Импорт: Jordan Air Jordan 1 low (ID: 758804)
[2025-11-09 22:38:33] Батч-вставка размеров: 17 шт для product_id=664
[2025-11-09 22:38:33] Импортировано изображений вариантов: 102 для product_id=664
[2025-11-09 22:38:33]      Успешно импортирован
[2025-11-09 22:38:33] [306/320] Импорт: Jordan Air Jordan 1 Low “Ghost” (ID: 758805)
[2025-11-09 22:38:33] Батч-вставка размеров: 28 шт для product_id=665
[2025-11-09 22:38:33] Импортировано изображений вариантов: 168 для product_id=665
[2025-11-09 22:38:33]      Успешно импортирован
[2025-11-09 22:38:33] [307/320] Импорт: Jordan Air Jordan 1 low (ID: 758806)
[2025-11-09 22:38:33] Батч-вставка размеров: 18 шт для product_id=666
[2025-11-09 22:38:33] Импортировано изображений вариантов: 108 для product_id=666
[2025-11-09 22:38:33]      Успешно импортирован
[2025-11-09 22:38:33] [308/320] Импорт: Jordan Air Jordan 1 low "psychic purple" (ID: 758807)
[2025-11-09 22:38:33] Батч-вставка размеров: 15 шт для product_id=667
[2025-11-09 22:38:33] Импортировано изображений вариантов: 90 для product_id=667
[2025-11-09 22:38:33]      Успешно импортирован
[2025-11-09 22:38:33] [309/320] Импорт: Jordan Flight 9.5 (ID: 758813)
[2025-11-09 22:38:33] Батч-вставка размеров: 22 шт для product_id=668
[2025-11-09 22:38:33] Импортировано изображений вариантов: 132 для product_id=668
[2025-11-09 22:38:33]      Успешно импортирован
[2025-11-09 22:38:33] [310/320] Импорт: Jordan Air Jordan 1 low flyease "bio hack" (ID: 758817)
[2025-11-09 22:38:33] Батч-вставка размеров: 13 шт для product_id=669
[2025-11-09 22:38:33] Импортировано изображений вариантов: 78 для product_id=669
[2025-11-09 22:38:33]      Успешно импортирован
[2025-11-09 22:38:33] [311/320] Импорт: Jordan Air Jordan 1 Retro 94 (ID: 758827)
[2025-11-09 22:38:33] Батч-вставка размеров: 14 шт для product_id=670
[2025-11-09 22:38:33] Импортировано изображений вариантов: 70 для product_id=670
[2025-11-09 22:38:33]      Успешно импортирован
[2025-11-09 22:38:33] [312/320] Импорт: Jordan Air Jordan 1 Mid "Black Snakeskin" (ID: 758828)
[2025-11-09 22:38:33] Батч-вставка размеров: 15 шт для product_id=671
[2025-11-09 22:38:33] Импортировано изображений вариантов: 60 для product_id=671
[2025-11-09 22:38:33]      Успешно импортирован
[2025-11-09 22:38:33] [313/320] Импорт: Jordan Air Jordan 1 (ID: 758831)
[2025-11-09 22:38:33] Батч-вставка размеров: 28 шт для product_id=672
[2025-11-09 22:38:33] Импортировано изображений вариантов: 140 для product_id=672
[2025-11-09 22:38:33]      Успешно импортирован
[2025-11-09 22:38:33] [314/320] Импорт: Jordan Air Jordan 1 Mid WMNS Football (ID: 758836)
[2025-11-09 22:38:33] Батч-вставка размеров: 18 шт для product_id=673
[2025-11-09 22:38:33] Импортировано изображений вариантов: 108 для product_id=673
[2025-11-09 22:38:33]      Успешно импортирован
[2025-11-09 22:38:33] [315/320] Импорт: Quai54 x Jordan FLIGHT COURT (ID: 758870)
[2025-11-09 22:38:33] Батч-вставка размеров: 30 шт для product_id=674
[2025-11-09 22:38:33] Импортировано изображений вариантов: 150 для product_id=674
[2025-11-09 22:38:33]      Успешно импортирован
[2025-11-09 22:38:33] [316/320] Импорт: Jordan Son of Mars Mars Low (ID: 759075)
[2025-11-09 22:38:33] Батч-вставка размеров: 15 шт для product_id=675
[2025-11-09 22:38:33] Импортировано изображений вариантов: 75 для product_id=675
[2025-11-09 22:38:33]      Успешно импортирован
[2025-11-09 22:38:33] [317/320] Импорт: HTM x Jordan Trunner NXT React NXT React (ID: 759445)
[2025-11-09 22:38:33] Батч-вставка размеров: 14 шт для product_id=676
[2025-11-09 22:38:33] Импортировано изображений вариантов: 84 для product_id=676
[2025-11-09 22:38:33]      Успешно импортирован
[2025-11-09 22:38:33] [318/320] Импорт: Jordan Rising High (ID: 759665)
[2025-11-09 22:38:33] Батч-вставка размеров: 12 шт для product_id=677
[2025-11-09 22:38:33] Импортировано изображений вариантов: 60 для product_id=677
[2025-11-09 22:38:33]      Успешно импортирован
[2025-11-09 22:38:33] [319/320] Импорт: Jordan Air Jordan 4 NET “Rattan” (ID: 759742)
[2025-11-09 22:38:33] Батч-вставка размеров: 15 шт для product_id=678
[2025-11-09 22:38:33] Импортировано изображений вариантов: 45 для product_id=678
[2025-11-09 22:38:33]      Успешно импортирован
[2025-11-09 22:38:33] [320/320] Импорт: HTM x Jordan Trunner NXT React NXT React (ID: 759942)
[2025-11-09 22:38:33] Батч-вставка размеров: 14 шт для product_id=679
[2025-11-09 22:38:33] Импортировано изображений вариантов: 84 для product_id=679
[2025-11-09 22:38:33]      Успешно импортирован
[2025-11-09 22:38:33] 
🎉 Импорт завершен!
[2025-11-09 22:38:33] Лог сохранен: /Users/user/CascadeProjects/splitwise/runtime/logs/poizon-import-2025-11-09_22-38-00.log
