[2025-11-05 03:27:19] ╔══════════════════════════════════════════════════════╗
[2025-11-05 03:27:19] ║  🚀 ИМПОРТ ТОВАРОВ ИЗ POIZON JSON                  ║
[2025-11-05 03:27:19] ╚══════════════════════════════════════════════════════╝
[2025-11-05 03:27:19] 
[2025-11-05 03:27:19] 📡 Загружаю JSON из: https://storage.yandexcloud.net/poizon-exports/site/81988f42-8231-43d7-b4ed-bd70ddf56f06/c8cb6cd8-8970-4b01-976f-9407dea04f9c/export_04_11_2025__15_32_15.json
[2025-11-05 03:27:19] Проверка URL: https://storage.yandexcloud.net/poizon-exports/site/81988f42-8231-43d7-b4ed-bd70ddf56f06/c8cb6cd8-8970-4b01-976f-9407dea04f9c/export_04_11_2025__15_32_15.json
[2025-11-05 03:27:20] URL доступен: HTTP/1.1 200 OK
[2025-11-05 03:27:21] JSON загружен. Размер: 105031 bytes
[2025-11-05 03:27:21] JSON распарсен успешно
[2025-11-05 03:27:21] Структура JSON: categories=3, brands=1, products=4
[2025-11-05 03:27:21] Начинаю импорт категорий
[2025-11-05 03:27:21] Категории импортированы: 0
[2025-11-05 03:27:21] Начинаю импорт брендов
[2025-11-05 03:27:21] Бренды импортированы: 0
[2025-11-05 03:27:21] Начинаю импорт товаров. Всего: 4
[2025-11-05 03:27:21] [1/4] Импорт: Кроссовки Nike Dunk Low, мужские, белые (ID: 392655)
[2025-11-05 03:27:21]      Успешно импортирован
[2025-11-05 03:27:21] [2/4] Импорт: Найк Данк, женские, белые (ID: 392658)
[2025-11-05 03:27:21]      Успешно импортирован
[2025-11-05 03:27:21] [3/4] Импорт: Nike Kobe 8, мужские, серые, низкие (ID: 392742)
[2025-11-05 03:27:21]      Успешно импортирован
[2025-11-05 03:27:21] [4/4] Импорт: Кроссовки Nike Zoom Fly 6, женские, красные, бежевые кроссовки (ID: 392743)
[2025-11-05 03:27:21]      Успешно импортирован
[2025-11-05 03:27:21] 
🎉 Импорт завершен!
[2025-11-05 03:27:21] Лог сохранен: /Users/user/CascadeProjects/splitwise/runtime/logs/poizon-import-2025-11-05_03-27-19.log
