╔══════════════════════════════════════════════════════╗
║  🚀 ИМПОРТ ТОВАРОВ ИЗ POIZON JSON                  ║
╚══════════════════════════════════════════════════════╝

💾 Лог сохраняется в: /Users/user/CascadeProjects/splitwise/runtime/logs/poizon-import-2025-11-08_17-14-00.log


╔══════════════════════════════════════════════════════╗
║  🚀 ИМПОРТ ТОВАРОВ ИЗ POIZON JSON                  ║
╚══════════════════════════════════════════════════════╝

📡 Загружаю JSON из: https://storage.yandexcloud.net/poizon-exports/site/ff614c7e-25d9-4990-b3ce-5c309c04f859/c72314d9-7ca2-44b2-b928-01f70b4fd050/export_07_11_2025__21_32_14.json
📡 Загружаю JSON из: https://storage.yandexcloud.net/poizon-exports/site/ff614c7e-25d9-4990-b3ce-5c309c04f859/c72314d9-7ca2-44b2-b928-01f70b4fd050/export_07_11_2025__21_32_14.json
   Проверяю доступность...
   Тип: URL
Проверка URL: https://storage.yandexcloud.net/poizon-exports/site/ff614c7e-25d9-4990-b3ce-5c309c04f859/c72314d9-7ca2-44b2-b928-01f70b4fd050/export_07_11_2025__21_32_14.json
   ✅ URL доступен
URL доступен: HTTP/1.1 200 OK
✅ JSON загружен (43 bytes)
JSON загружен. Размер: 43 bytes
   Парсинг JSON...
✅ JSON успешно распарсен
JSON распарсен успешно
   Проверяю структуру JSON...
   📂 Категорий в JSON: 0
   🏷️  Брендов в JSON: 0
   📦 Товаров в JSON: 0
Структура JSON: categories=0, brands=0, products=0

⚠️  ВНИМАНИЕ: В JSON файле нет товаров для импорта!
ПРЕДУПРЕЖДЕНИЕ: Нет товаров в JSON

⏭️  Категорий нет, пропускаю

Категорий нет в JSON
⏭️  Брендов нет, пропускаю

Брендов нет в JSON

╔══════════════════════════════════════════════════════╗
║  📊 СТАТИСТИКА ИМПОРТА                              ║
╚══════════════════════════════════════════════════════╝

✅ Категорий создано:        0
✅ Брендов создано:          0
✅ Товаров создано:          0
✅ Товаров обновлено:        0
✅ Вариантов создано:        0
✅ Изображений создано:      0

🎉 Импорт завершен!
Лог сохранен: /Users/user/CascadeProjects/splitwise/runtime/logs/poizon-import-2025-11-08_17-14-00.log

🎉 Импорт завершен!
📊 Дашборд: /admin/poizon-import
🔍 Просмотр батча: /admin/poizon-view?id=10

