╔══════════════════════════════════════════════════════╗
║  🚀 ИМПОРТ ТОВАРОВ ИЗ POIZON JSON                  ║
╚══════════════════════════════════════════════════════╝

💾 Лог сохраняется в: /Users/user/CascadeProjects/splitwise/runtime/logs/poizon-import-2025-11-05_07-32-00.log


╔══════════════════════════════════════════════════════╗
║  🚀 ИМПОРТ ТОВАРОВ ИЗ POIZON JSON                  ║
╚══════════════════════════════════════════════════════╝

📡 Загружаю JSON из: /Users/user/CascadeProjects/splitwise/web/uploads/import/poizon_import_1762327919.json
📡 Загружаю JSON из: /Users/user/CascadeProjects/splitwise/web/uploads/import/poizon_import_1762327919.json
   Проверяю доступность...
   Тип: Локальный файл
Проверка локального файла: /Users/user/CascadeProjects/splitwise/web/uploads/import/poizon_import_1762327919.json
   ✅ Файл найден (размер: 102.57 KB)
Файл найден. Размер: 105031 bytes
✅ JSON загружен (102.57 KB)
JSON загружен. Размер: 105031 bytes
   Парсинг JSON...
✅ JSON успешно распарсен
JSON распарсен успешно
   Проверяю структуру JSON...
   📂 Категорий в JSON: 3
   🏷️  Брендов в JSON: 1
   📦 Товаров в JSON: 4
Структура JSON: categories=3, brands=1, products=4

📂 Импортирую категории...
Начинаю импорт категорий
✅ Категорий создано: 3

Категории импортированы: 3
🏷️  Импортирую бренды...
Начинаю импорт брендов
✅ Брендов создано: 0

Бренды импортированы: 0
📦 Импортирую товары... (всего: 4)
Начинаю импорт товаров. Всего: 4
   Режим: VERBOSE (детальный вывод)

  🔄 [1/4] Импортирую: Кроссовки Nike Dunk Low, мужские, белые (ID: 392655)...
[1/4] Импорт: Кроссовки Nike Dunk Low, мужские, белые (ID: 392655)
Exception 'yii\base\UnknownPropertyException' with message 'Setting unknown property: app\models\ImportLog::details'

in /Users/user/CascadeProjects/splitwise/vendor/yiisoft/yii2/base/Component.php:221

Stack trace:
#0 /Users/user/CascadeProjects/splitwise/vendor/yiisoft/yii2/db/BaseActiveRecord.php(322): yii\base\Component->__set('details', '{"index":1,"pro...')
#1 /Users/user/CascadeProjects/splitwise/commands/PoizonImportJsonController.php(281): yii\db\BaseActiveRecord->__set('details', '{"index":1,"pro...')
#2 [internal function]: app\commands\PoizonImportJsonController->actionRun('/Users/user/Cas...')
#3 /Users/user/CascadeProjects/splitwise/vendor/yiisoft/yii2/base/InlineAction.php(60): call_user_func_array(Array, Array)
#4 /Users/user/CascadeProjects/splitwise/vendor/yiisoft/yii2/base/Controller.php(184): yii\base\InlineAction->runWithParams(Array)
#5 /Users/user/CascadeProjects/splitwise/vendor/yiisoft/yii2/console/Controller.php(180): yii\base\Controller->runAction('run', Array)
#6 /Users/user/CascadeProjects/splitwise/vendor/yiisoft/yii2/base/Module.php(555): yii\console\Controller->runAction('run', Array)
#7 /Users/user/CascadeProjects/splitwise/vendor/yiisoft/yii2/console/Application.php(180): yii\base\Module->runAction('poizon-import-j...', Array)
#8 /Users/user/CascadeProjects/splitwise/vendor/yiisoft/yii2/console/Application.php(147): yii\console\Application->runAction('poizon-import-j...', Array)
#9 /Users/user/CascadeProjects/splitwise/vendor/yiisoft/yii2/base/Application.php(387): yii\console\Application->handleRequest(Object(yii\console\Request))
#10 /Users/user/CascadeProjects/splitwise/yii(16): yii\base\Application->run()
#11 {main}
