╔══════════════════════════════════════════════════════╗
║  🚀 ИМПОРТ ТОВАРОВ ИЗ POIZON JSON                  ║
╚══════════════════════════════════════════════════════╝

💾 Лог сохраняется в: /Users/user/CascadeProjects/splitwise/runtime/logs/poizon-import-2025-11-05_10-01-48.log


╔══════════════════════════════════════════════════════╗
║  🚀 ИМПОРТ ТОВАРОВ ИЗ POIZON JSON                  ║
╚══════════════════════════════════════════════════════╝

📡 Загружаю JSON из: https://storage.yandexcloud.net/poizon-exports/site/81988f42-8231-43d7-b4ed-bd70ddf56f06/c8cb6cd8-8970-4b01-976f-9407dea04f9c/export_04_11_2025__15_32_15.json
📡 Загружаю JSON из: https://storage.yandexcloud.net/poizon-exports/site/81988f42-8231-43d7-b4ed-bd70ddf56f06/c8cb6cd8-8970-4b01-976f-9407dea04f9c/export_04_11_2025__15_32_15.json
   Проверяю доступность...
   Тип: URL
Проверка URL: https://storage.yandexcloud.net/poizon-exports/site/81988f42-8231-43d7-b4ed-bd70ddf56f06/c8cb6cd8-8970-4b01-976f-9407dea04f9c/export_04_11_2025__15_32_15.json
   ✅ URL доступен
URL доступен: HTTP/1.1 200 OK
✅ JSON загружен (102.57 KB)
JSON загружен. Размер: 105031 bytes
   Парсинг JSON...
✅ JSON успешно распарсен
JSON распарсен успешно
   Проверяю структуру JSON...
   📂 Категорий в JSON: 3
   🏷️  Брендов в JSON: 1
   📦 Товаров в JSON: 4
Структура JSON: categories=3, brands=1, products=4

📂 Импортирую категории...
Начинаю импорт категорий
✅ Категорий создано: 0

Категории импортированы: 0
🏷️  Импортирую бренды...
Начинаю импорт брендов
✅ Брендов создано: 0

Бренды импортированы: 0
📦 Импортирую товары... (всего: 4)
Начинаю импорт товаров. Всего: 4
   Режим: VERBOSE (детальный вывод)

  🔄 [1/4] Импортирую: Кроссовки Nike Dunk Low, мужские, белые (ID: 392655)...
[1/4] Импорт: Кроссовки Nike Dunk Low, мужские, белые (ID: 392655)
Error: Setting unknown property: app\models\ImportLog::details
