[2025-11-04 20:41:32] ╔══════════════════════════════════════════════════════╗
[2025-11-04 20:41:32] ║  🚀 ИМПОРТ ТОВАРОВ ИЗ POIZON JSON                  ║
[2025-11-04 20:41:32] ╚══════════════════════════════════════════════════════╝
[2025-11-04 20:41:32] 
[2025-11-04 20:41:32] 📡 Загружаю JSON из: https://storage.yandexcloud.net/poizon-exports/site/81988f42-8231-43d7-b4ed-bd70ddf56f06/c8cb6cd8-8970-4b01-976f-9407dea04f9c/export_04_11_2025__15_32_15.json
[2025-11-04 20:41:32] Проверка URL: https://storage.yandexcloud.net/poizon-exports/site/81988f42-8231-43d7-b4ed-bd70ddf56f06/c8cb6cd8-8970-4b01-976f-9407dea04f9c/export_04_11_2025__15_32_15.json
[2025-11-04 20:41:33] URL доступен: HTTP/1.1 200 OK
[2025-11-04 20:41:34] JSON загружен. Размер: 105031 bytes
[2025-11-04 20:41:34] JSON распарсен успешно
[2025-11-04 20:41:34] Структура JSON: categories=3, brands=1, products=4
[2025-11-04 20:41:34] Начинаю импорт категорий
[2025-11-04 20:41:34] ОШИБКА импорта категорий: Getting unknown property: app\models\Category::meta_description
[2025-11-04 20:41:34] #0 /Users/user/CascadeProjects/splitwise/vendor/yiisoft/yii2/db/BaseActiveRecord.php(296): yii\base\Component->__get('meta_descriptio...')
#1 /Users/user/CascadeProjects/splitwise/vendor/yiisoft/yii2/validators/Validator.php(257): yii\db\BaseActiveRecord->__get('meta_descriptio...')
#2 /Users/user/CascadeProjects/splitwise/vendor/yiisoft/yii2/base/Model.php(389): yii\validators\Validator->validateAttributes(Object(app\models\Category), Array)
#3 /Users/user/CascadeProjects/splitwise/vendor/yiisoft/yii2/db/ActiveRecord.php(570): yii\base\Model->validate(Array)
#4 /Users/user/CascadeProjects/splitwise/vendor/yiisoft/yii2/db/BaseActiveRecord.php(688): yii\db\ActiveRecord->insert(true, NULL)
#5 /Users/user/CascadeProjects/splitwise/commands/PoizonImportJsonController.php(354): yii\db\BaseActiveRecord->save()
#6 /Users/user/CascadeProjects/splitwise/commands/PoizonImportJsonController.php(180): app\commands\PoizonImportJsonController->importCategories(Array)
#7 [internal function]: app\commands\PoizonImportJsonController->actionRun('https://storage...')
#8 /Users/user/CascadeProjects/splitwise/vendor/yiisoft/yii2/base/InlineAction.php(60): call_user_func_array(Array, Array)
#9 /Users/user/CascadeProjects/splitwise/vendor/yiisoft/yii2/base/Controller.php(184): yii\base\InlineAction->runWithParams(Array)
#10 /Users/user/CascadeProjects/splitwise/vendor/yiisoft/yii2/console/Controller.php(180): yii\base\Controller->runAction('run', Array)
#11 /Users/user/CascadeProjects/splitwise/vendor/yiisoft/yii2/base/Module.php(555): yii\console\Controller->runAction('run', Array)
#12 /Users/user/CascadeProjects/splitwise/vendor/yiisoft/yii2/console/Application.php(180): yii\base\Module->runAction('poizon-import-j...', Array)
#13 /Users/user/CascadeProjects/splitwise/vendor/yiisoft/yii2/console/Application.php(147): yii\console\Application->runAction('poizon-import-j...', Array)
#14 /Users/user/CascadeProjects/splitwise/vendor/yiisoft/yii2/base/Application.php(387): yii\console\Application->handleRequest(Object(yii\console\Request))
#15 /Users/user/CascadeProjects/splitwise/yii(16): yii\base\Application->run()
#16 {main}
[2025-11-04 20:41:34] Начинаю импорт брендов
